mode: set
github.com/ajiteshreddy24/EventPulse-AI/BackEnd/cmd/server/main.go:19.13,34.45 11 0
github.com/ajiteshreddy24/EventPulse-AI/BackEnd/cmd/server/main.go:34.45,35.72 1 0
github.com/ajiteshreddy24/EventPulse-AI/BackEnd/cmd/server/main.go:35.72,40.29 4 0
github.com/ajiteshreddy24/EventPulse-AI/BackEnd/cmd/server/main.go:40.29,42.5 1 0
github.com/ajiteshreddy24/EventPulse-AI/BackEnd/cmd/server/main.go:44.4,44.24 1 0
github.com/ajiteshreddy24/EventPulse-AI/BackEnd/cmd/server/main.go:48.2,102.44 20 0
github.com/ajiteshreddy24/EventPulse-AI/BackEnd/internal/auth/queries/user_repository.go:18.58,30.76 2 0
github.com/ajiteshreddy24/EventPulse-AI/BackEnd/internal/auth/queries/user_repository.go:30.76,32.3 1 0
github.com/ajiteshreddy24/EventPulse-AI/BackEnd/internal/auth/queries/user_repository.go:34.2,34.12 1 0
github.com/ajiteshreddy24/EventPulse-AI/BackEnd/internal/auth/queries/user_repository.go:37.73,54.35 4 0
github.com/ajiteshreddy24/EventPulse-AI/BackEnd/internal/auth/queries/user_repository.go:54.35,56.3 1 0
github.com/ajiteshreddy24/EventPulse-AI/BackEnd/internal/auth/queries/user_repository.go:57.2,57.16 1 0
github.com/ajiteshreddy24/EventPulse-AI/BackEnd/internal/auth/queries/user_repository.go:57.16,59.3 1 0
github.com/ajiteshreddy24/EventPulse-AI/BackEnd/internal/auth/queries/user_repository.go:61.2,62.19 2 0
github.com/ajiteshreddy24/EventPulse-AI/BackEnd/internal/auth/queries/user_repository.go:65.64,82.35 4 0
github.com/ajiteshreddy24/EventPulse-AI/BackEnd/internal/auth/queries/user_repository.go:82.35,84.3 1 0
github.com/ajiteshreddy24/EventPulse-AI/BackEnd/internal/auth/queries/user_repository.go:85.2,85.16 1 0
github.com/ajiteshreddy24/EventPulse-AI/BackEnd/internal/auth/queries/user_repository.go:85.16,87.3 1 0
github.com/ajiteshreddy24/EventPulse-AI/BackEnd/internal/auth/queries/user_repository.go:89.2,90.19 2 0
github.com/ajiteshreddy24/EventPulse-AI/BackEnd/internal/auth/queries/user_repository.go:93.80,99.16 2 0
github.com/ajiteshreddy24/EventPulse-AI/BackEnd/internal/auth/queries/user_repository.go:99.16,101.3 1 0
github.com/ajiteshreddy24/EventPulse-AI/BackEnd/internal/auth/queries/user_repository.go:103.2,104.16 2 0
github.com/ajiteshreddy24/EventPulse-AI/BackEnd/internal/auth/queries/user_repository.go:104.16,106.3 1 0
github.com/ajiteshreddy24/EventPulse-AI/BackEnd/internal/auth/queries/user_repository.go:107.2,107.23 1 0
github.com/ajiteshreddy24/EventPulse-AI/BackEnd/internal/auth/queries/user_repository.go:107.23,109.3 1 0
github.com/ajiteshreddy24/EventPulse-AI/BackEnd/internal/auth/queries/user_repository.go:111.2,111.12 1 0
github.com/ajiteshreddy24/EventPulse-AI/BackEnd/internal/auth/queries/user_repository.go:114.42,115.34 1 0
github.com/ajiteshreddy24/EventPulse-AI/BackEnd/internal/auth/queries/user_repository.go:115.34,117.3 1 0
github.com/ajiteshreddy24/EventPulse-AI/BackEnd/internal/auth/queries/user_repository.go:119.2,121.29 3 0
github.com/ajiteshreddy24/EventPulse-AI/BackEnd/internal/auth/queries/user_repository.go:121.29,123.18 2 0
github.com/ajiteshreddy24/EventPulse-AI/BackEnd/internal/auth/queries/user_repository.go:123.18,125.4 1 0
github.com/ajiteshreddy24/EventPulse-AI/BackEnd/internal/auth/queries/user_repository.go:128.2,128.18 1 0
github.com/ajiteshreddy24/EventPulse-AI/BackEnd/internal/auth/queries/user_repository.go:131.52,132.25 1 0
github.com/ajiteshreddy24/EventPulse-AI/BackEnd/internal/auth/queries/user_repository.go:132.25,134.3 1 0
github.com/ajiteshreddy24/EventPulse-AI/BackEnd/internal/auth/queries/user_repository.go:136.2,136.37 1 0
github.com/ajiteshreddy24/EventPulse-AI/BackEnd/internal/db/db.go:13.16,18.16 4 0
github.com/ajiteshreddy24/EventPulse-AI/BackEnd/internal/db/db.go:18.16,20.3 1 0
github.com/ajiteshreddy24/EventPulse-AI/BackEnd/internal/db/db.go:22.2,23.16 2 0
github.com/ajiteshreddy24/EventPulse-AI/BackEnd/internal/db/db.go:23.16,25.3 1 0
github.com/ajiteshreddy24/EventPulse-AI/BackEnd/internal/db/db.go:27.2,29.34 2 0
github.com/ajiteshreddy24/EventPulse-AI/BackEnd/internal/db/db.go:29.34,31.3 1 0
github.com/ajiteshreddy24/EventPulse-AI/BackEnd/internal/db/db.go:34.22,75.39 2 0
github.com/ajiteshreddy24/EventPulse-AI/BackEnd/internal/db/db.go:75.39,76.47 1 0
github.com/ajiteshreddy24/EventPulse-AI/BackEnd/internal/db/db.go:76.47,78.4 1 0
github.com/ajiteshreddy24/EventPulse-AI/BackEnd/internal/db/db.go:81.2,81.12 1 0
github.com/ajiteshreddy24/EventPulse-AI/BackEnd/internal/auth/middleware/auth_middleware.go:20.70,21.71 1 1
github.com/ajiteshreddy24/EventPulse-AI/BackEnd/internal/auth/middleware/auth_middleware.go:21.71,23.68 2 1
github.com/ajiteshreddy24/EventPulse-AI/BackEnd/internal/auth/middleware/auth_middleware.go:23.68,26.4 2 1
github.com/ajiteshreddy24/EventPulse-AI/BackEnd/internal/auth/middleware/auth_middleware.go:28.3,30.17 3 1
github.com/ajiteshreddy24/EventPulse-AI/BackEnd/internal/auth/middleware/auth_middleware.go:30.17,33.4 2 0
github.com/ajiteshreddy24/EventPulse-AI/BackEnd/internal/auth/middleware/auth_middleware.go:35.3,36.10 2 1
github.com/ajiteshreddy24/EventPulse-AI/BackEnd/internal/auth/middleware/auth_middleware.go:36.10,39.4 2 0
github.com/ajiteshreddy24/EventPulse-AI/BackEnd/internal/auth/middleware/auth_middleware.go:41.3,42.17 2 1
github.com/ajiteshreddy24/EventPulse-AI/BackEnd/internal/auth/middleware/auth_middleware.go:42.17,45.4 2 1
github.com/ajiteshreddy24/EventPulse-AI/BackEnd/internal/auth/middleware/auth_middleware.go:47.3,48.40 2 1
github.com/ajiteshreddy24/EventPulse-AI/BackEnd/internal/auth/middleware/auth_middleware.go:52.57,55.2 2 1
github.com/ajiteshreddy24/EventPulse-AI/BackEnd/internal/auth/queries/user_repository.go:18.58,30.76 2 0
github.com/ajiteshreddy24/EventPulse-AI/BackEnd/internal/auth/queries/user_repository.go:30.76,32.3 1 0
github.com/ajiteshreddy24/EventPulse-AI/BackEnd/internal/auth/queries/user_repository.go:34.2,34.12 1 0
github.com/ajiteshreddy24/EventPulse-AI/BackEnd/internal/auth/queries/user_repository.go:37.73,54.35 4 0
github.com/ajiteshreddy24/EventPulse-AI/BackEnd/internal/auth/queries/user_repository.go:54.35,56.3 1 0
github.com/ajiteshreddy24/EventPulse-AI/BackEnd/internal/auth/queries/user_repository.go:57.2,57.16 1 0
github.com/ajiteshreddy24/EventPulse-AI/BackEnd/internal/auth/queries/user_repository.go:57.16,59.3 1 0
github.com/ajiteshreddy24/EventPulse-AI/BackEnd/internal/auth/queries/user_repository.go:61.2,62.19 2 0
github.com/ajiteshreddy24/EventPulse-AI/BackEnd/internal/auth/queries/user_repository.go:65.64,82.35 4 0
github.com/ajiteshreddy24/EventPulse-AI/BackEnd/internal/auth/queries/user_repository.go:82.35,84.3 1 0
github.com/ajiteshreddy24/EventPulse-AI/BackEnd/internal/auth/queries/user_repository.go:85.2,85.16 1 0
github.com/ajiteshreddy24/EventPulse-AI/BackEnd/internal/auth/queries/user_repository.go:85.16,87.3 1 0
github.com/ajiteshreddy24/EventPulse-AI/BackEnd/internal/auth/queries/user_repository.go:89.2,90.19 2 0
github.com/ajiteshreddy24/EventPulse-AI/BackEnd/internal/auth/queries/user_repository.go:93.80,99.16 2 0
github.com/ajiteshreddy24/EventPulse-AI/BackEnd/internal/auth/queries/user_repository.go:99.16,101.3 1 0
github.com/ajiteshreddy24/EventPulse-AI/BackEnd/internal/auth/queries/user_repository.go:103.2,104.16 2 0
github.com/ajiteshreddy24/EventPulse-AI/BackEnd/internal/auth/queries/user_repository.go:104.16,106.3 1 0
github.com/ajiteshreddy24/EventPulse-AI/BackEnd/internal/auth/queries/user_repository.go:107.2,107.23 1 0
github.com/ajiteshreddy24/EventPulse-AI/BackEnd/internal/auth/queries/user_repository.go:107.23,109.3 1 0
github.com/ajiteshreddy24/EventPulse-AI/BackEnd/internal/auth/queries/user_repository.go:111.2,111.12 1 0
github.com/ajiteshreddy24/EventPulse-AI/BackEnd/internal/auth/queries/user_repository.go:114.42,115.34 1 0
github.com/ajiteshreddy24/EventPulse-AI/BackEnd/internal/auth/queries/user_repository.go:115.34,117.3 1 0
github.com/ajiteshreddy24/EventPulse-AI/BackEnd/internal/auth/queries/user_repository.go:119.2,121.29 3 0
github.com/ajiteshreddy24/EventPulse-AI/BackEnd/internal/auth/queries/user_repository.go:121.29,123.18 2 0
github.com/ajiteshreddy24/EventPulse-AI/BackEnd/internal/auth/queries/user_repository.go:123.18,125.4 1 0
github.com/ajiteshreddy24/EventPulse-AI/BackEnd/internal/auth/queries/user_repository.go:128.2,128.18 1 0
github.com/ajiteshreddy24/EventPulse-AI/BackEnd/internal/auth/queries/user_repository.go:131.52,132.25 1 0
github.com/ajiteshreddy24/EventPulse-AI/BackEnd/internal/auth/queries/user_repository.go:132.25,134.3 1 0
github.com/ajiteshreddy24/EventPulse-AI/BackEnd/internal/auth/queries/user_repository.go:136.2,136.37 1 0
github.com/ajiteshreddy24/EventPulse-AI/BackEnd/internal/queries/event_queries.go:22.57,23.21 1 0
github.com/ajiteshreddy24/EventPulse-AI/BackEnd/internal/queries/event_queries.go:23.21,25.3 1 0
github.com/ajiteshreddy24/EventPulse-AI/BackEnd/internal/queries/event_queries.go:27.2,37.29 1 0
github.com/ajiteshreddy24/EventPulse-AI/BackEnd/internal/queries/event_queries.go:40.71,69.16 2 0
github.com/ajiteshreddy24/EventPulse-AI/BackEnd/internal/queries/event_queries.go:69.16,71.3 1 0
github.com/ajiteshreddy24/EventPulse-AI/BackEnd/internal/queries/event_queries.go:72.2,76.18 3 0
github.com/ajiteshreddy24/EventPulse-AI/BackEnd/internal/queries/event_queries.go:76.18,90.17 2 0
github.com/ajiteshreddy24/EventPulse-AI/BackEnd/internal/queries/event_queries.go:90.17,92.4 1 0
github.com/ajiteshreddy24/EventPulse-AI/BackEnd/internal/queries/event_queries.go:93.3,93.29 1 0
github.com/ajiteshreddy24/EventPulse-AI/BackEnd/internal/queries/event_queries.go:96.2,96.35 1 0
github.com/ajiteshreddy24/EventPulse-AI/BackEnd/internal/queries/event_queries.go:96.35,98.3 1 0
github.com/ajiteshreddy24/EventPulse-AI/BackEnd/internal/queries/event_queries.go:100.2,100.20 1 0
github.com/ajiteshreddy24/EventPulse-AI/BackEnd/internal/queries/event_queries.go:103.84,147.35 3 0
github.com/ajiteshreddy24/EventPulse-AI/BackEnd/internal/queries/event_queries.go:147.35,149.3 1 0
github.com/ajiteshreddy24/EventPulse-AI/BackEnd/internal/queries/event_queries.go:150.2,150.16 1 0
github.com/ajiteshreddy24/EventPulse-AI/BackEnd/internal/queries/event_queries.go:150.16,152.3 1 0
github.com/ajiteshreddy24/EventPulse-AI/BackEnd/internal/queries/event_queries.go:154.2,154.16 1 0
github.com/ajiteshreddy24/EventPulse-AI/BackEnd/internal/queries/event_queries.go:157.57,158.21 1 0
github.com/ajiteshreddy24/EventPulse-AI/BackEnd/internal/queries/event_queries.go:158.21,160.3 1 0
github.com/ajiteshreddy24/EventPulse-AI/BackEnd/internal/queries/event_queries.go:162.2,179.16 2 0
github.com/ajiteshreddy24/EventPulse-AI/BackEnd/internal/queries/event_queries.go:179.16,181.3 1 0
github.com/ajiteshreddy24/EventPulse-AI/BackEnd/internal/queries/event_queries.go:183.2,184.16 2 0
github.com/ajiteshreddy24/EventPulse-AI/BackEnd/internal/queries/event_queries.go:184.16,186.3 1 0
github.com/ajiteshreddy24/EventPulse-AI/BackEnd/internal/queries/event_queries.go:187.2,187.23 1 0
github.com/ajiteshreddy24/EventPulse-AI/BackEnd/internal/queries/event_queries.go:187.23,189.3 1 0
github.com/ajiteshreddy24/EventPulse-AI/BackEnd/internal/queries/event_queries.go:191.2,191.12 1 0
github.com/ajiteshreddy24/EventPulse-AI/BackEnd/internal/queries/event_queries.go:194.48,196.16 2 0
github.com/ajiteshreddy24/EventPulse-AI/BackEnd/internal/queries/event_queries.go:196.16,198.3 1 0
github.com/ajiteshreddy24/EventPulse-AI/BackEnd/internal/queries/event_queries.go:200.2,201.16 2 0
github.com/ajiteshreddy24/EventPulse-AI/BackEnd/internal/queries/event_queries.go:201.16,203.3 1 0
github.com/ajiteshreddy24/EventPulse-AI/BackEnd/internal/queries/event_queries.go:204.2,204.23 1 0
github.com/ajiteshreddy24/EventPulse-AI/BackEnd/internal/queries/event_queries.go:204.23,206.3 1 0
github.com/ajiteshreddy24/EventPulse-AI/BackEnd/internal/queries/event_queries.go:208.2,208.12 1 0
github.com/ajiteshreddy24/EventPulse-AI/BackEnd/internal/queries/event_queries.go:211.62,216.16 2 0
github.com/ajiteshreddy24/EventPulse-AI/BackEnd/internal/queries/event_queries.go:216.16,218.86 2 0
github.com/ajiteshreddy24/EventPulse-AI/BackEnd/internal/queries/event_queries.go:218.86,220.4 1 0
github.com/ajiteshreddy24/EventPulse-AI/BackEnd/internal/queries/event_queries.go:221.3,221.48 1 0
github.com/ajiteshreddy24/EventPulse-AI/BackEnd/internal/queries/event_queries.go:221.48,223.4 1 0
github.com/ajiteshreddy24/EventPulse-AI/BackEnd/internal/queries/event_queries.go:225.2,225.12 1 0
github.com/ajiteshreddy24/EventPulse-AI/BackEnd/internal/queries/event_queries.go:228.65,233.16 2 0
github.com/ajiteshreddy24/EventPulse-AI/BackEnd/internal/queries/event_queries.go:233.16,235.3 1 0
github.com/ajiteshreddy24/EventPulse-AI/BackEnd/internal/queries/event_queries.go:237.2,238.16 2 0
github.com/ajiteshreddy24/EventPulse-AI/BackEnd/internal/queries/event_queries.go:238.16,240.3 1 0
github.com/ajiteshreddy24/EventPulse-AI/BackEnd/internal/queries/event_queries.go:241.2,241.23 1 0
github.com/ajiteshreddy24/EventPulse-AI/BackEnd/internal/queries/event_queries.go:241.23,243.3 1 0
github.com/ajiteshreddy24/EventPulse-AI/BackEnd/internal/queries/event_queries.go:245.2,245.12 1 0
github.com/ajiteshreddy24/EventPulse-AI/BackEnd/internal/queries/event_queries.go:248.68,253.16 2 0
github.com/ajiteshreddy24/EventPulse-AI/BackEnd/internal/queries/event_queries.go:253.16,255.86 2 0
github.com/ajiteshreddy24/EventPulse-AI/BackEnd/internal/queries/event_queries.go:255.86,257.4 1 0
github.com/ajiteshreddy24/EventPulse-AI/BackEnd/internal/queries/event_queries.go:258.3,258.48 1 0
github.com/ajiteshreddy24/EventPulse-AI/BackEnd/internal/queries/event_queries.go:258.48,260.4 1 0
github.com/ajiteshreddy24/EventPulse-AI/BackEnd/internal/queries/event_queries.go:262.2,262.12 1 0
github.com/ajiteshreddy24/EventPulse-AI/BackEnd/internal/queries/event_queries.go:265.73,271.2 2 0
github.com/ajiteshreddy24/EventPulse-AI/BackEnd/internal/queries/event_queries.go:273.72,275.16 2 0
github.com/ajiteshreddy24/EventPulse-AI/BackEnd/internal/queries/event_queries.go:275.16,277.3 1 0
github.com/ajiteshreddy24/EventPulse-AI/BackEnd/internal/queries/event_queries.go:278.2,288.35 4 0
github.com/ajiteshreddy24/EventPulse-AI/BackEnd/internal/queries/event_queries.go:288.35,290.3 1 0
github.com/ajiteshreddy24/EventPulse-AI/BackEnd/internal/queries/event_queries.go:291.2,291.16 1 0
github.com/ajiteshreddy24/EventPulse-AI/BackEnd/internal/queries/event_queries.go:291.16,293.3 1 0
github.com/ajiteshreddy24/EventPulse-AI/BackEnd/internal/queries/event_queries.go:295.2,298.34 1 0
github.com/ajiteshreddy24/EventPulse-AI/BackEnd/internal/queries/event_queries.go:298.34,300.3 1 0
github.com/ajiteshreddy24/EventPulse-AI/BackEnd/internal/queries/event_queries.go:302.2,305.34 1 0
github.com/ajiteshreddy24/EventPulse-AI/BackEnd/internal/queries/event_queries.go:305.34,307.3 1 0
github.com/ajiteshreddy24/EventPulse-AI/BackEnd/internal/queries/event_queries.go:309.2,309.20 1 0
github.com/ajiteshreddy24/EventPulse-AI/BackEnd/internal/queries/event_queries.go:312.90,314.16 2 0
github.com/ajiteshreddy24/EventPulse-AI/BackEnd/internal/queries/event_queries.go:314.16,316.3 1 0
github.com/ajiteshreddy24/EventPulse-AI/BackEnd/internal/queries/event_queries.go:317.2,327.35 4 0
github.com/ajiteshreddy24/EventPulse-AI/BackEnd/internal/queries/event_queries.go:327.35,329.3 1 0
github.com/ajiteshreddy24/EventPulse-AI/BackEnd/internal/queries/event_queries.go:330.2,330.16 1 0
github.com/ajiteshreddy24/EventPulse-AI/BackEnd/internal/queries/event_queries.go:330.16,332.3 1 0
github.com/ajiteshreddy24/EventPulse-AI/BackEnd/internal/queries/event_queries.go:334.2,337.34 1 0
github.com/ajiteshreddy24/EventPulse-AI/BackEnd/internal/queries/event_queries.go:337.34,339.3 1 0
github.com/ajiteshreddy24/EventPulse-AI/BackEnd/internal/queries/event_queries.go:341.2,344.34 1 0
github.com/ajiteshreddy24/EventPulse-AI/BackEnd/internal/queries/event_queries.go:344.34,346.3 1 0
github.com/ajiteshreddy24/EventPulse-AI/BackEnd/internal/queries/event_queries.go:348.2,348.36 1 0
github.com/ajiteshreddy24/EventPulse-AI/BackEnd/internal/queries/event_queries.go:348.36,350.3 1 0
github.com/ajiteshreddy24/EventPulse-AI/BackEnd/internal/queries/event_queries.go:352.2,352.21 1 0
github.com/ajiteshreddy24/EventPulse-AI/BackEnd/internal/queries/event_queries.go:355.103,369.16 3 0
github.com/ajiteshreddy24/EventPulse-AI/BackEnd/internal/queries/event_queries.go:369.16,371.3 1 0
github.com/ajiteshreddy24/EventPulse-AI/BackEnd/internal/queries/event_queries.go:373.2,381.16 1 0
github.com/ajiteshreddy24/EventPulse-AI/BackEnd/internal/queries/event_queries.go:381.16,383.3 1 0
github.com/ajiteshreddy24/EventPulse-AI/BackEnd/internal/queries/event_queries.go:385.2,385.21 1 0
github.com/ajiteshreddy24/EventPulse-AI/BackEnd/internal/queries/event_queries.go:388.87,404.16 2 0
github.com/ajiteshreddy24/EventPulse-AI/BackEnd/internal/queries/event_queries.go:404.16,406.3 1 0
github.com/ajiteshreddy24/EventPulse-AI/BackEnd/internal/queries/event_queries.go:407.2,410.18 3 0
github.com/ajiteshreddy24/EventPulse-AI/BackEnd/internal/queries/event_queries.go:410.18,421.17 2 0
github.com/ajiteshreddy24/EventPulse-AI/BackEnd/internal/queries/event_queries.go:421.17,423.4 1 0
github.com/ajiteshreddy24/EventPulse-AI/BackEnd/internal/queries/event_queries.go:424.3,424.39 1 0
github.com/ajiteshreddy24/EventPulse-AI/BackEnd/internal/queries/event_queries.go:427.2,427.29 1 0
github.com/ajiteshreddy24/EventPulse-AI/BackEnd/internal/queries/event_queries.go:430.62,432.16 2 0
github.com/ajiteshreddy24/EventPulse-AI/BackEnd/internal/queries/event_queries.go:432.16,434.3 1 0
github.com/ajiteshreddy24/EventPulse-AI/BackEnd/internal/queries/event_queries.go:436.2,437.16 2 0
github.com/ajiteshreddy24/EventPulse-AI/BackEnd/internal/queries/event_queries.go:437.16,439.3 1 0
github.com/ajiteshreddy24/EventPulse-AI/BackEnd/internal/queries/event_queries.go:440.2,440.23 1 0
github.com/ajiteshreddy24/EventPulse-AI/BackEnd/internal/queries/event_queries.go:440.23,442.3 1 0
github.com/ajiteshreddy24/EventPulse-AI/BackEnd/internal/queries/event_queries.go:444.2,444.12 1 0
github.com/ajiteshreddy24/EventPulse-AI/BackEnd/internal/queries/event_queries.go:447.85,463.16 2 0
github.com/ajiteshreddy24/EventPulse-AI/BackEnd/internal/queries/event_queries.go:463.16,465.3 1 0
github.com/ajiteshreddy24/EventPulse-AI/BackEnd/internal/queries/event_queries.go:466.2,469.18 3 0
github.com/ajiteshreddy24/EventPulse-AI/BackEnd/internal/queries/event_queries.go:469.18,480.17 2 0
github.com/ajiteshreddy24/EventPulse-AI/BackEnd/internal/queries/event_queries.go:480.17,482.4 1 0
github.com/ajiteshreddy24/EventPulse-AI/BackEnd/internal/queries/event_queries.go:483.3,483.33 1 0
github.com/ajiteshreddy24/EventPulse-AI/BackEnd/internal/queries/event_queries.go:486.2,486.27 1 0
github.com/ajiteshreddy24/EventPulse-AI/BackEnd/internal/queries/event_queries.go:489.38,490.19 1 0
github.com/ajiteshreddy24/EventPulse-AI/BackEnd/internal/queries/event_queries.go:490.19,492.3 1 0
github.com/ajiteshreddy24/EventPulse-AI/BackEnd/internal/queries/event_queries.go:493.2,493.16 1 0
github.com/ajiteshreddy24/EventPulse-AI/BackEnd/internal/queries/event_queries.go:496.86,504.16 3 0
github.com/ajiteshreddy24/EventPulse-AI/BackEnd/internal/queries/event_queries.go:504.16,506.3 1 0
github.com/ajiteshreddy24/EventPulse-AI/BackEnd/internal/queries/event_queries.go:508.2,508.18 1 0
github.com/ajiteshreddy24/EventPulse-AI/BackEnd/internal/queries/event_queries.go:511.59,513.2 1 0
github.com/ajiteshreddy24/EventPulse-AI/BackEnd/internal/auth/handlers/auth_handler.go:18.72,20.61 2 1
github.com/ajiteshreddy24/EventPulse-AI/BackEnd/internal/auth/handlers/auth_handler.go:20.61,23.3 2 0
github.com/ajiteshreddy24/EventPulse-AI/BackEnd/internal/auth/handlers/auth_handler.go:25.2,26.16 2 1
github.com/ajiteshreddy24/EventPulse-AI/BackEnd/internal/auth/handlers/auth_handler.go:26.16,27.10 1 0
github.com/ajiteshreddy24/EventPulse-AI/BackEnd/internal/auth/handlers/auth_handler.go:28.58,29.53 1 0
github.com/ajiteshreddy24/EventPulse-AI/BackEnd/internal/auth/handlers/auth_handler.go:30.56,31.51 1 0
github.com/ajiteshreddy24/EventPulse-AI/BackEnd/internal/auth/handlers/auth_handler.go:32.11,33.62 1 0
github.com/ajiteshreddy24/EventPulse-AI/BackEnd/internal/auth/handlers/auth_handler.go:35.3,35.9 1 0
github.com/ajiteshreddy24/EventPulse-AI/BackEnd/internal/auth/handlers/auth_handler.go:38.2,39.37 2 1
github.com/ajiteshreddy24/EventPulse-AI/BackEnd/internal/auth/handlers/auth_handler.go:42.69,44.61 2 1
github.com/ajiteshreddy24/EventPulse-AI/BackEnd/internal/auth/handlers/auth_handler.go:44.61,47.3 2 0
github.com/ajiteshreddy24/EventPulse-AI/BackEnd/internal/auth/handlers/auth_handler.go:49.2,50.16 2 1
github.com/ajiteshreddy24/EventPulse-AI/BackEnd/internal/auth/handlers/auth_handler.go:50.16,51.10 1 1
github.com/ajiteshreddy24/EventPulse-AI/BackEnd/internal/auth/handlers/auth_handler.go:52.59,53.53 1 0
github.com/ajiteshreddy24/EventPulse-AI/BackEnd/internal/auth/handlers/auth_handler.go:54.58,55.55 1 1
github.com/ajiteshreddy24/EventPulse-AI/BackEnd/internal/auth/handlers/auth_handler.go:56.11,57.62 1 0
github.com/ajiteshreddy24/EventPulse-AI/BackEnd/internal/auth/handlers/auth_handler.go:59.3,59.9 1 1
github.com/ajiteshreddy24/EventPulse-AI/BackEnd/internal/auth/handlers/auth_handler.go:62.2,62.37 1 0
github.com/ajiteshreddy24/EventPulse-AI/BackEnd/internal/auth/handlers/auth_handler.go:65.66,67.9 2 1
github.com/ajiteshreddy24/EventPulse-AI/BackEnd/internal/auth/handlers/auth_handler.go:67.9,70.3 2 1
github.com/ajiteshreddy24/EventPulse-AI/BackEnd/internal/auth/handlers/auth_handler.go:72.2,73.16 2 0
github.com/ajiteshreddy24/EventPulse-AI/BackEnd/internal/auth/handlers/auth_handler.go:73.16,74.50 1 0
github.com/ajiteshreddy24/EventPulse-AI/BackEnd/internal/auth/handlers/auth_handler.go:74.50,77.4 2 0
github.com/ajiteshreddy24/EventPulse-AI/BackEnd/internal/auth/handlers/auth_handler.go:78.3,79.9 2 0
github.com/ajiteshreddy24/EventPulse-AI/BackEnd/internal/auth/handlers/auth_handler.go:82.2,82.33 1 0
github.com/ajiteshreddy24/EventPulse-AI/BackEnd/internal/auth/handlers/auth_handler.go:85.79,87.9 2 1
github.com/ajiteshreddy24/EventPulse-AI/BackEnd/internal/auth/handlers/auth_handler.go:87.9,90.3 2 0
github.com/ajiteshreddy24/EventPulse-AI/BackEnd/internal/auth/handlers/auth_handler.go:92.2,93.61 2 1
github.com/ajiteshreddy24/EventPulse-AI/BackEnd/internal/auth/handlers/auth_handler.go:93.61,96.3 2 0
github.com/ajiteshreddy24/EventPulse-AI/BackEnd/internal/auth/handlers/auth_handler.go:98.2,99.16 2 1
github.com/ajiteshreddy24/EventPulse-AI/BackEnd/internal/auth/handlers/auth_handler.go:99.16,100.50 1 0
github.com/ajiteshreddy24/EventPulse-AI/BackEnd/internal/auth/handlers/auth_handler.go:100.50,103.4 2 0
github.com/ajiteshreddy24/EventPulse-AI/BackEnd/internal/auth/handlers/auth_handler.go:104.3,105.9 2 0
github.com/ajiteshreddy24/EventPulse-AI/BackEnd/internal/auth/handlers/auth_handler.go:108.2,108.33 1 1
github.com/ajiteshreddy24/EventPulse-AI/BackEnd/internal/auth/queries/user_repository.go:18.58,30.76 2 1
github.com/ajiteshreddy24/EventPulse-AI/BackEnd/internal/auth/queries/user_repository.go:30.76,32.3 1 0
github.com/ajiteshreddy24/EventPulse-AI/BackEnd/internal/auth/queries/user_repository.go:34.2,34.12 1 1
github.com/ajiteshreddy24/EventPulse-AI/BackEnd/internal/auth/queries/user_repository.go:37.73,54.35 4 1
github.com/ajiteshreddy24/EventPulse-AI/BackEnd/internal/auth/queries/user_repository.go:54.35,56.3 1 0
github.com/ajiteshreddy24/EventPulse-AI/BackEnd/internal/auth/queries/user_repository.go:57.2,57.16 1 1
github.com/ajiteshreddy24/EventPulse-AI/BackEnd/internal/auth/queries/user_repository.go:57.16,59.3 1 0
github.com/ajiteshreddy24/EventPulse-AI/BackEnd/internal/auth/queries/user_repository.go:61.2,62.19 2 1
github.com/ajiteshreddy24/EventPulse-AI/BackEnd/internal/auth/queries/user_repository.go:65.64,82.35 4 1
github.com/ajiteshreddy24/EventPulse-AI/BackEnd/internal/auth/queries/user_repository.go:82.35,84.3 1 0
github.com/ajiteshreddy24/EventPulse-AI/BackEnd/internal/auth/queries/user_repository.go:85.2,85.16 1 1
github.com/ajiteshreddy24/EventPulse-AI/BackEnd/internal/auth/queries/user_repository.go:85.16,87.3 1 0
github.com/ajiteshreddy24/EventPulse-AI/BackEnd/internal/auth/queries/user_repository.go:89.2,90.19 2 1
github.com/ajiteshreddy24/EventPulse-AI/BackEnd/internal/auth/queries/user_repository.go:93.80,99.16 2 1
github.com/ajiteshreddy24/EventPulse-AI/BackEnd/internal/auth/queries/user_repository.go:99.16,101.3 1 0
github.com/ajiteshreddy24/EventPulse-AI/BackEnd/internal/auth/queries/user_repository.go:103.2,104.16 2 1
github.com/ajiteshreddy24/EventPulse-AI/BackEnd/internal/auth/queries/user_repository.go:104.16,106.3 1 0
github.com/ajiteshreddy24/EventPulse-AI/BackEnd/internal/auth/queries/user_repository.go:107.2,107.23 1 1
github.com/ajiteshreddy24/EventPulse-AI/BackEnd/internal/auth/queries/user_repository.go:107.23,109.3 1 0
github.com/ajiteshreddy24/EventPulse-AI/BackEnd/internal/auth/queries/user_repository.go:111.2,111.12 1 1
github.com/ajiteshreddy24/EventPulse-AI/BackEnd/internal/auth/queries/user_repository.go:114.42,115.34 1 1
github.com/ajiteshreddy24/EventPulse-AI/BackEnd/internal/auth/queries/user_repository.go:115.34,117.3 1 1
github.com/ajiteshreddy24/EventPulse-AI/BackEnd/internal/auth/queries/user_repository.go:119.2,121.29 3 1
github.com/ajiteshreddy24/EventPulse-AI/BackEnd/internal/auth/queries/user_repository.go:121.29,123.18 2 1
github.com/ajiteshreddy24/EventPulse-AI/BackEnd/internal/auth/queries/user_repository.go:123.18,125.4 1 1
github.com/ajiteshreddy24/EventPulse-AI/BackEnd/internal/auth/queries/user_repository.go:128.2,128.18 1 1
github.com/ajiteshreddy24/EventPulse-AI/BackEnd/internal/auth/queries/user_repository.go:131.52,132.25 1 1
github.com/ajiteshreddy24/EventPulse-AI/BackEnd/internal/auth/queries/user_repository.go:132.25,134.3 1 1
github.com/ajiteshreddy24/EventPulse-AI/BackEnd/internal/auth/queries/user_repository.go:136.2,136.37 1 1
github.com/ajiteshreddy24/EventPulse-AI/BackEnd/internal/auth/queries/user_repository.go:18.58,30.76 2 0
github.com/ajiteshreddy24/EventPulse-AI/BackEnd/internal/auth/queries/user_repository.go:30.76,32.3 1 0
github.com/ajiteshreddy24/EventPulse-AI/BackEnd/internal/auth/queries/user_repository.go:34.2,34.12 1 0
github.com/ajiteshreddy24/EventPulse-AI/BackEnd/internal/auth/queries/user_repository.go:37.73,54.35 4 0
github.com/ajiteshreddy24/EventPulse-AI/BackEnd/internal/auth/queries/user_repository.go:54.35,56.3 1 0
github.com/ajiteshreddy24/EventPulse-AI/BackEnd/internal/auth/queries/user_repository.go:57.2,57.16 1 0
github.com/ajiteshreddy24/EventPulse-AI/BackEnd/internal/auth/queries/user_repository.go:57.16,59.3 1 0
github.com/ajiteshreddy24/EventPulse-AI/BackEnd/internal/auth/queries/user_repository.go:61.2,62.19 2 0
github.com/ajiteshreddy24/EventPulse-AI/BackEnd/internal/auth/queries/user_repository.go:65.64,82.35 4 0
github.com/ajiteshreddy24/EventPulse-AI/BackEnd/internal/auth/queries/user_repository.go:82.35,84.3 1 0
github.com/ajiteshreddy24/EventPulse-AI/BackEnd/internal/auth/queries/user_repository.go:85.2,85.16 1 0
github.com/ajiteshreddy24/EventPulse-AI/BackEnd/internal/auth/queries/user_repository.go:85.16,87.3 1 0
github.com/ajiteshreddy24/EventPulse-AI/BackEnd/internal/auth/queries/user_repository.go:89.2,90.19 2 0
github.com/ajiteshreddy24/EventPulse-AI/BackEnd/internal/auth/queries/user_repository.go:93.80,99.16 2 0
github.com/ajiteshreddy24/EventPulse-AI/BackEnd/internal/auth/queries/user_repository.go:99.16,101.3 1 0
github.com/ajiteshreddy24/EventPulse-AI/BackEnd/internal/auth/queries/user_repository.go:103.2,104.16 2 0
github.com/ajiteshreddy24/EventPulse-AI/BackEnd/internal/auth/queries/user_repository.go:104.16,106.3 1 0
github.com/ajiteshreddy24/EventPulse-AI/BackEnd/internal/auth/queries/user_repository.go:107.2,107.23 1 0
github.com/ajiteshreddy24/EventPulse-AI/BackEnd/internal/auth/queries/user_repository.go:107.23,109.3 1 0
github.com/ajiteshreddy24/EventPulse-AI/BackEnd/internal/auth/queries/user_repository.go:111.2,111.12 1 0
github.com/ajiteshreddy24/EventPulse-AI/BackEnd/internal/auth/queries/user_repository.go:114.42,115.34 1 0
github.com/ajiteshreddy24/EventPulse-AI/BackEnd/internal/auth/queries/user_repository.go:115.34,117.3 1 0
github.com/ajiteshreddy24/EventPulse-AI/BackEnd/internal/auth/queries/user_repository.go:119.2,121.29 3 0
github.com/ajiteshreddy24/EventPulse-AI/BackEnd/internal/auth/queries/user_repository.go:121.29,123.18 2 0
github.com/ajiteshreddy24/EventPulse-AI/BackEnd/internal/auth/queries/user_repository.go:123.18,125.4 1 0
github.com/ajiteshreddy24/EventPulse-AI/BackEnd/internal/auth/queries/user_repository.go:128.2,128.18 1 0
github.com/ajiteshreddy24/EventPulse-AI/BackEnd/internal/auth/queries/user_repository.go:131.52,132.25 1 0
github.com/ajiteshreddy24/EventPulse-AI/BackEnd/internal/auth/queries/user_repository.go:132.25,134.3 1 0
github.com/ajiteshreddy24/EventPulse-AI/BackEnd/internal/auth/queries/user_repository.go:136.2,136.37 1 0
github.com/ajiteshreddy24/EventPulse-AI/BackEnd/internal/handlers/event_handler.go:27.76,30.63 2 1
github.com/ajiteshreddy24/EventPulse-AI/BackEnd/internal/handlers/event_handler.go:30.63,33.3 2 0
github.com/ajiteshreddy24/EventPulse-AI/BackEnd/internal/handlers/event_handler.go:35.2,35.54 1 1
github.com/ajiteshreddy24/EventPulse-AI/BackEnd/internal/handlers/event_handler.go:35.54,38.3 2 1
github.com/ajiteshreddy24/EventPulse-AI/BackEnd/internal/handlers/event_handler.go:40.2,41.34 2 1
github.com/ajiteshreddy24/EventPulse-AI/BackEnd/internal/handlers/event_handler.go:48.74,51.16 3 1
github.com/ajiteshreddy24/EventPulse-AI/BackEnd/internal/handlers/event_handler.go:51.16,54.3 2 1
github.com/ajiteshreddy24/EventPulse-AI/BackEnd/internal/handlers/event_handler.go:56.2,56.35 1 1
github.com/ajiteshreddy24/EventPulse-AI/BackEnd/internal/handlers/event_handler.go:63.77,67.16 3 1
github.com/ajiteshreddy24/EventPulse-AI/BackEnd/internal/handlers/event_handler.go:67.16,70.3 2 1
github.com/ajiteshreddy24/EventPulse-AI/BackEnd/internal/handlers/event_handler.go:72.2,74.16 3 1
github.com/ajiteshreddy24/EventPulse-AI/BackEnd/internal/handlers/event_handler.go:74.16,75.47 1 1
github.com/ajiteshreddy24/EventPulse-AI/BackEnd/internal/handlers/event_handler.go:75.47,78.4 2 1
github.com/ajiteshreddy24/EventPulse-AI/BackEnd/internal/handlers/event_handler.go:79.3,80.9 2 0
github.com/ajiteshreddy24/EventPulse-AI/BackEnd/internal/handlers/event_handler.go:83.2,83.34 1 1
github.com/ajiteshreddy24/EventPulse-AI/BackEnd/internal/handlers/event_handler.go:90.76,94.16 3 1
github.com/ajiteshreddy24/EventPulse-AI/BackEnd/internal/handlers/event_handler.go:94.16,97.3 2 1
github.com/ajiteshreddy24/EventPulse-AI/BackEnd/internal/handlers/event_handler.go:99.2,100.63 2 1
github.com/ajiteshreddy24/EventPulse-AI/BackEnd/internal/handlers/event_handler.go:100.63,103.3 2 1
github.com/ajiteshreddy24/EventPulse-AI/BackEnd/internal/handlers/event_handler.go:105.2,107.54 2 1
github.com/ajiteshreddy24/EventPulse-AI/BackEnd/internal/handlers/event_handler.go:107.54,108.47 1 1
github.com/ajiteshreddy24/EventPulse-AI/BackEnd/internal/handlers/event_handler.go:108.47,111.4 2 0
github.com/ajiteshreddy24/EventPulse-AI/BackEnd/internal/handlers/event_handler.go:112.3,113.9 2 1
github.com/ajiteshreddy24/EventPulse-AI/BackEnd/internal/handlers/event_handler.go:116.2,116.34 1 1
github.com/ajiteshreddy24/EventPulse-AI/BackEnd/internal/handlers/event_handler.go:123.76,127.16 3 1
github.com/ajiteshreddy24/EventPulse-AI/BackEnd/internal/handlers/event_handler.go:127.16,130.3 2 1
github.com/ajiteshreddy24/EventPulse-AI/BackEnd/internal/handlers/event_handler.go:132.2,132.50 1 1
github.com/ajiteshreddy24/EventPulse-AI/BackEnd/internal/handlers/event_handler.go:132.50,133.47 1 0
github.com/ajiteshreddy24/EventPulse-AI/BackEnd/internal/handlers/event_handler.go:133.47,136.4 2 0
github.com/ajiteshreddy24/EventPulse-AI/BackEnd/internal/handlers/event_handler.go:137.3,138.9 2 0
github.com/ajiteshreddy24/EventPulse-AI/BackEnd/internal/handlers/event_handler.go:141.2,141.37 1 1
github.com/ajiteshreddy24/EventPulse-AI/BackEnd/internal/handlers/event_handler.go:148.69,150.9 2 1
github.com/ajiteshreddy24/EventPulse-AI/BackEnd/internal/handlers/event_handler.go:150.9,153.3 2 0
github.com/ajiteshreddy24/EventPulse-AI/BackEnd/internal/handlers/event_handler.go:155.2,157.16 3 1
github.com/ajiteshreddy24/EventPulse-AI/BackEnd/internal/handlers/event_handler.go:157.16,160.3 2 0
github.com/ajiteshreddy24/EventPulse-AI/BackEnd/internal/handlers/event_handler.go:162.2,162.56 1 1
github.com/ajiteshreddy24/EventPulse-AI/BackEnd/internal/handlers/event_handler.go:162.56,163.10 1 1
github.com/ajiteshreddy24/EventPulse-AI/BackEnd/internal/handlers/event_handler.go:164.53,165.51 1 1
github.com/ajiteshreddy24/EventPulse-AI/BackEnd/internal/handlers/event_handler.go:166.45,167.51 1 0
github.com/ajiteshreddy24/EventPulse-AI/BackEnd/internal/handlers/event_handler.go:168.49,169.57 1 0
github.com/ajiteshreddy24/EventPulse-AI/BackEnd/internal/handlers/event_handler.go:170.11,171.62 1 0
github.com/ajiteshreddy24/EventPulse-AI/BackEnd/internal/handlers/event_handler.go:173.3,173.9 1 1
github.com/ajiteshreddy24/EventPulse-AI/BackEnd/internal/handlers/event_handler.go:176.2,176.35 1 0
github.com/ajiteshreddy24/EventPulse-AI/BackEnd/internal/handlers/event_handler.go:183.75,185.9 2 0
github.com/ajiteshreddy24/EventPulse-AI/BackEnd/internal/handlers/event_handler.go:185.9,188.3 2 0
github.com/ajiteshreddy24/EventPulse-AI/BackEnd/internal/handlers/event_handler.go:190.2,192.16 3 0
github.com/ajiteshreddy24/EventPulse-AI/BackEnd/internal/handlers/event_handler.go:192.16,195.3 2 0
github.com/ajiteshreddy24/EventPulse-AI/BackEnd/internal/handlers/event_handler.go:197.2,197.62 1 0
github.com/ajiteshreddy24/EventPulse-AI/BackEnd/internal/handlers/event_handler.go:197.62,198.47 1 0
github.com/ajiteshreddy24/EventPulse-AI/BackEnd/internal/handlers/event_handler.go:198.47,201.4 2 0
github.com/ajiteshreddy24/EventPulse-AI/BackEnd/internal/handlers/event_handler.go:202.3,203.9 2 0
github.com/ajiteshreddy24/EventPulse-AI/BackEnd/internal/handlers/event_handler.go:206.2,206.37 1 0
github.com/ajiteshreddy24/EventPulse-AI/BackEnd/internal/handlers/event_handler.go:209.77,211.9 2 1
github.com/ajiteshreddy24/EventPulse-AI/BackEnd/internal/handlers/event_handler.go:211.9,214.3 2 0
github.com/ajiteshreddy24/EventPulse-AI/BackEnd/internal/handlers/event_handler.go:216.2,218.16 3 1
github.com/ajiteshreddy24/EventPulse-AI/BackEnd/internal/handlers/event_handler.go:218.16,221.3 2 0
github.com/ajiteshreddy24/EventPulse-AI/BackEnd/internal/handlers/event_handler.go:223.2,223.64 1 1
github.com/ajiteshreddy24/EventPulse-AI/BackEnd/internal/handlers/event_handler.go:223.64,224.10 1 0
github.com/ajiteshreddy24/EventPulse-AI/BackEnd/internal/handlers/event_handler.go:225.137,226.51 1 0
github.com/ajiteshreddy24/EventPulse-AI/BackEnd/internal/handlers/event_handler.go:227.49,228.57 1 0
github.com/ajiteshreddy24/EventPulse-AI/BackEnd/internal/handlers/event_handler.go:229.11,230.62 1 0
github.com/ajiteshreddy24/EventPulse-AI/BackEnd/internal/handlers/event_handler.go:232.3,232.9 1 0
github.com/ajiteshreddy24/EventPulse-AI/BackEnd/internal/handlers/event_handler.go:235.2,235.78 1 1
github.com/ajiteshreddy24/EventPulse-AI/BackEnd/internal/handlers/event_handler.go:238.78,240.9 2 1
github.com/ajiteshreddy24/EventPulse-AI/BackEnd/internal/handlers/event_handler.go:240.9,243.3 2 0
github.com/ajiteshreddy24/EventPulse-AI/BackEnd/internal/handlers/event_handler.go:245.2,247.16 3 1
github.com/ajiteshreddy24/EventPulse-AI/BackEnd/internal/handlers/event_handler.go:247.16,250.3 2 0
github.com/ajiteshreddy24/EventPulse-AI/BackEnd/internal/handlers/event_handler.go:252.2,255.65 2 1
github.com/ajiteshreddy24/EventPulse-AI/BackEnd/internal/handlers/event_handler.go:255.65,258.3 2 0
github.com/ajiteshreddy24/EventPulse-AI/BackEnd/internal/handlers/event_handler.go:260.2,261.16 2 1
github.com/ajiteshreddy24/EventPulse-AI/BackEnd/internal/handlers/event_handler.go:261.16,262.10 1 1
github.com/ajiteshreddy24/EventPulse-AI/BackEnd/internal/handlers/event_handler.go:263.49,264.57 1 0
github.com/ajiteshreddy24/EventPulse-AI/BackEnd/internal/handlers/event_handler.go:265.11,266.53 1 1
github.com/ajiteshreddy24/EventPulse-AI/BackEnd/internal/handlers/event_handler.go:268.3,268.9 1 1
github.com/ajiteshreddy24/EventPulse-AI/BackEnd/internal/handlers/event_handler.go:271.2,272.36 2 1
github.com/ajiteshreddy24/EventPulse-AI/BackEnd/internal/handlers/event_handler.go:275.76,278.16 3 1
github.com/ajiteshreddy24/EventPulse-AI/BackEnd/internal/handlers/event_handler.go:278.16,281.3 2 0
github.com/ajiteshreddy24/EventPulse-AI/BackEnd/internal/handlers/event_handler.go:283.2,284.16 2 1
github.com/ajiteshreddy24/EventPulse-AI/BackEnd/internal/handlers/event_handler.go:284.16,287.3 2 0
github.com/ajiteshreddy24/EventPulse-AI/BackEnd/internal/handlers/event_handler.go:289.2,289.37 1 1
github.com/ajiteshreddy24/EventPulse-AI/BackEnd/internal/handlers/event_handler.go:292.78,295.16 3 1
github.com/ajiteshreddy24/EventPulse-AI/BackEnd/internal/handlers/event_handler.go:295.16,298.3 2 0
github.com/ajiteshreddy24/EventPulse-AI/BackEnd/internal/handlers/event_handler.go:300.2,300.59 1 1
github.com/ajiteshreddy24/EventPulse-AI/BackEnd/internal/handlers/event_handler.go:300.59,301.47 1 1
github.com/ajiteshreddy24/EventPulse-AI/BackEnd/internal/handlers/event_handler.go:301.47,304.4 2 1
github.com/ajiteshreddy24/EventPulse-AI/BackEnd/internal/handlers/event_handler.go:305.3,306.9 2 0
github.com/ajiteshreddy24/EventPulse-AI/BackEnd/internal/handlers/event_handler.go:309.2,309.76 1 0
github.com/ajiteshreddy24/EventPulse-AI/BackEnd/internal/handlers/event_handler.go:312.83,314.9 2 1
github.com/ajiteshreddy24/EventPulse-AI/BackEnd/internal/handlers/event_handler.go:314.9,317.3 2 1
github.com/ajiteshreddy24/EventPulse-AI/BackEnd/internal/handlers/event_handler.go:319.2,320.16 2 0
github.com/ajiteshreddy24/EventPulse-AI/BackEnd/internal/handlers/event_handler.go:320.16,323.3 2 0
github.com/ajiteshreddy24/EventPulse-AI/BackEnd/internal/handlers/event_handler.go:325.2,325.35 1 0
github.com/ajiteshreddy24/EventPulse-AI/BackEnd/internal/handlers/event_handler.go:328.82,330.9 2 1
github.com/ajiteshreddy24/EventPulse-AI/BackEnd/internal/handlers/event_handler.go:330.9,333.3 2 0
github.com/ajiteshreddy24/EventPulse-AI/BackEnd/internal/handlers/event_handler.go:335.2,336.16 2 1
github.com/ajiteshreddy24/EventPulse-AI/BackEnd/internal/handlers/event_handler.go:336.16,339.3 2 0
github.com/ajiteshreddy24/EventPulse-AI/BackEnd/internal/handlers/event_handler.go:341.2,341.35 1 1
github.com/ajiteshreddy24/EventPulse-AI/BackEnd/internal/handlers/event_handler.go:344.61,345.26 1 1
github.com/ajiteshreddy24/EventPulse-AI/BackEnd/internal/handlers/event_handler.go:345.26,347.3 1 1
github.com/ajiteshreddy24/EventPulse-AI/BackEnd/internal/handlers/event_handler.go:349.2,350.67 2 1
github.com/ajiteshreddy24/EventPulse-AI/BackEnd/internal/handlers/event_handler.go:350.67,352.3 1 0
github.com/ajiteshreddy24/EventPulse-AI/BackEnd/internal/handlers/event_handler.go:354.2,356.16 3 1
github.com/ajiteshreddy24/EventPulse-AI/BackEnd/internal/handlers/event_handler.go:356.16,358.3 1 0
github.com/ajiteshreddy24/EventPulse-AI/BackEnd/internal/handlers/event_handler.go:360.2,361.9 2 1
github.com/ajiteshreddy24/EventPulse-AI/BackEnd/internal/handlers/event_handler.go:361.9,363.3 1 0
github.com/ajiteshreddy24/EventPulse-AI/BackEnd/internal/handlers/event_handler.go:365.2,366.16 2 1
github.com/ajiteshreddy24/EventPulse-AI/BackEnd/internal/handlers/event_handler.go:366.16,368.3 1 0
github.com/ajiteshreddy24/EventPulse-AI/BackEnd/internal/handlers/event_handler.go:370.2,370.16 1 1
github.com/ajiteshreddy24/EventPulse-AI/BackEnd/internal/queries/event_queries.go:22.57,23.21 1 1
github.com/ajiteshreddy24/EventPulse-AI/BackEnd/internal/queries/event_queries.go:23.21,25.3 1 1
github.com/ajiteshreddy24/EventPulse-AI/BackEnd/internal/queries/event_queries.go:27.2,37.29 1 1
github.com/ajiteshreddy24/EventPulse-AI/BackEnd/internal/queries/event_queries.go:40.71,69.16 2 1
github.com/ajiteshreddy24/EventPulse-AI/BackEnd/internal/queries/event_queries.go:69.16,71.3 1 1
github.com/ajiteshreddy24/EventPulse-AI/BackEnd/internal/queries/event_queries.go:72.2,76.18 3 1
github.com/ajiteshreddy24/EventPulse-AI/BackEnd/internal/queries/event_queries.go:76.18,90.17 2 1
github.com/ajiteshreddy24/EventPulse-AI/BackEnd/internal/queries/event_queries.go:90.17,92.4 1 0
github.com/ajiteshreddy24/EventPulse-AI/BackEnd/internal/queries/event_queries.go:93.3,93.29 1 1
github.com/ajiteshreddy24/EventPulse-AI/BackEnd/internal/queries/event_queries.go:96.2,96.35 1 1
github.com/ajiteshreddy24/EventPulse-AI/BackEnd/internal/queries/event_queries.go:96.35,98.3 1 0
github.com/ajiteshreddy24/EventPulse-AI/BackEnd/internal/queries/event_queries.go:100.2,100.20 1 1
github.com/ajiteshreddy24/EventPulse-AI/BackEnd/internal/queries/event_queries.go:103.84,147.35 3 1
github.com/ajiteshreddy24/EventPulse-AI/BackEnd/internal/queries/event_queries.go:147.35,149.3 1 1
github.com/ajiteshreddy24/EventPulse-AI/BackEnd/internal/queries/event_queries.go:150.2,150.16 1 1
github.com/ajiteshreddy24/EventPulse-AI/BackEnd/internal/queries/event_queries.go:150.16,152.3 1 0
github.com/ajiteshreddy24/EventPulse-AI/BackEnd/internal/queries/event_queries.go:154.2,154.16 1 1
github.com/ajiteshreddy24/EventPulse-AI/BackEnd/internal/queries/event_queries.go:157.57,158.21 1 1
github.com/ajiteshreddy24/EventPulse-AI/BackEnd/internal/queries/event_queries.go:158.21,160.3 1 1
github.com/ajiteshreddy24/EventPulse-AI/BackEnd/internal/queries/event_queries.go:162.2,179.16 2 1
github.com/ajiteshreddy24/EventPulse-AI/BackEnd/internal/queries/event_queries.go:179.16,181.3 1 1
github.com/ajiteshreddy24/EventPulse-AI/BackEnd/internal/queries/event_queries.go:183.2,184.16 2 1
github.com/ajiteshreddy24/EventPulse-AI/BackEnd/internal/queries/event_queries.go:184.16,186.3 1 0
github.com/ajiteshreddy24/EventPulse-AI/BackEnd/internal/queries/event_queries.go:187.2,187.23 1 1
github.com/ajiteshreddy24/EventPulse-AI/BackEnd/internal/queries/event_queries.go:187.23,189.3 1 0
github.com/ajiteshreddy24/EventPulse-AI/BackEnd/internal/queries/event_queries.go:191.2,191.12 1 1
github.com/ajiteshreddy24/EventPulse-AI/BackEnd/internal/queries/event_queries.go:194.48,196.16 2 1
github.com/ajiteshreddy24/EventPulse-AI/BackEnd/internal/queries/event_queries.go:196.16,198.3 1 0
github.com/ajiteshreddy24/EventPulse-AI/BackEnd/internal/queries/event_queries.go:200.2,201.16 2 1
github.com/ajiteshreddy24/EventPulse-AI/BackEnd/internal/queries/event_queries.go:201.16,203.3 1 0
github.com/ajiteshreddy24/EventPulse-AI/BackEnd/internal/queries/event_queries.go:204.2,204.23 1 1
github.com/ajiteshreddy24/EventPulse-AI/BackEnd/internal/queries/event_queries.go:204.23,206.3 1 0
github.com/ajiteshreddy24/EventPulse-AI/BackEnd/internal/queries/event_queries.go:208.2,208.12 1 1
github.com/ajiteshreddy24/EventPulse-AI/BackEnd/internal/queries/event_queries.go:211.62,216.16 2 0
github.com/ajiteshreddy24/EventPulse-AI/BackEnd/internal/queries/event_queries.go:216.16,218.86 2 0
github.com/ajiteshreddy24/EventPulse-AI/BackEnd/internal/queries/event_queries.go:218.86,220.4 1 0
github.com/ajiteshreddy24/EventPulse-AI/BackEnd/internal/queries/event_queries.go:221.3,221.48 1 0
github.com/ajiteshreddy24/EventPulse-AI/BackEnd/internal/queries/event_queries.go:221.48,223.4 1 0
github.com/ajiteshreddy24/EventPulse-AI/BackEnd/internal/queries/event_queries.go:225.2,225.12 1 0
github.com/ajiteshreddy24/EventPulse-AI/BackEnd/internal/queries/event_queries.go:228.65,233.16 2 0
github.com/ajiteshreddy24/EventPulse-AI/BackEnd/internal/queries/event_queries.go:233.16,235.3 1 0
github.com/ajiteshreddy24/EventPulse-AI/BackEnd/internal/queries/event_queries.go:237.2,238.16 2 0
github.com/ajiteshreddy24/EventPulse-AI/BackEnd/internal/queries/event_queries.go:238.16,240.3 1 0
github.com/ajiteshreddy24/EventPulse-AI/BackEnd/internal/queries/event_queries.go:241.2,241.23 1 0
github.com/ajiteshreddy24/EventPulse-AI/BackEnd/internal/queries/event_queries.go:241.23,243.3 1 0
github.com/ajiteshreddy24/EventPulse-AI/BackEnd/internal/queries/event_queries.go:245.2,245.12 1 0
github.com/ajiteshreddy24/EventPulse-AI/BackEnd/internal/queries/event_queries.go:248.68,253.16 2 1
github.com/ajiteshreddy24/EventPulse-AI/BackEnd/internal/queries/event_queries.go:253.16,255.86 2 0
github.com/ajiteshreddy24/EventPulse-AI/BackEnd/internal/queries/event_queries.go:255.86,257.4 1 0
github.com/ajiteshreddy24/EventPulse-AI/BackEnd/internal/queries/event_queries.go:258.3,258.48 1 0
github.com/ajiteshreddy24/EventPulse-AI/BackEnd/internal/queries/event_queries.go:258.48,260.4 1 0
github.com/ajiteshreddy24/EventPulse-AI/BackEnd/internal/queries/event_queries.go:262.2,262.12 1 1
github.com/ajiteshreddy24/EventPulse-AI/BackEnd/internal/queries/event_queries.go:265.73,271.2 2 0
github.com/ajiteshreddy24/EventPulse-AI/BackEnd/internal/queries/event_queries.go:273.72,275.16 2 0
github.com/ajiteshreddy24/EventPulse-AI/BackEnd/internal/queries/event_queries.go:275.16,277.3 1 0
github.com/ajiteshreddy24/EventPulse-AI/BackEnd/internal/queries/event_queries.go:278.2,288.35 4 0
github.com/ajiteshreddy24/EventPulse-AI/BackEnd/internal/queries/event_queries.go:288.35,290.3 1 0
github.com/ajiteshreddy24/EventPulse-AI/BackEnd/internal/queries/event_queries.go:291.2,291.16 1 0
github.com/ajiteshreddy24/EventPulse-AI/BackEnd/internal/queries/event_queries.go:291.16,293.3 1 0
github.com/ajiteshreddy24/EventPulse-AI/BackEnd/internal/queries/event_queries.go:295.2,298.34 1 0
github.com/ajiteshreddy24/EventPulse-AI/BackEnd/internal/queries/event_queries.go:298.34,300.3 1 0
github.com/ajiteshreddy24/EventPulse-AI/BackEnd/internal/queries/event_queries.go:302.2,305.34 1 0
github.com/ajiteshreddy24/EventPulse-AI/BackEnd/internal/queries/event_queries.go:305.34,307.3 1 0
github.com/ajiteshreddy24/EventPulse-AI/BackEnd/internal/queries/event_queries.go:309.2,309.20 1 0
github.com/ajiteshreddy24/EventPulse-AI/BackEnd/internal/queries/event_queries.go:312.90,314.16 2 0
github.com/ajiteshreddy24/EventPulse-AI/BackEnd/internal/queries/event_queries.go:314.16,316.3 1 0
github.com/ajiteshreddy24/EventPulse-AI/BackEnd/internal/queries/event_queries.go:317.2,327.35 4 0
github.com/ajiteshreddy24/EventPulse-AI/BackEnd/internal/queries/event_queries.go:327.35,329.3 1 0
github.com/ajiteshreddy24/EventPulse-AI/BackEnd/internal/queries/event_queries.go:330.2,330.16 1 0
github.com/ajiteshreddy24/EventPulse-AI/BackEnd/internal/queries/event_queries.go:330.16,332.3 1 0
github.com/ajiteshreddy24/EventPulse-AI/BackEnd/internal/queries/event_queries.go:334.2,337.34 1 0
github.com/ajiteshreddy24/EventPulse-AI/BackEnd/internal/queries/event_queries.go:337.34,339.3 1 0
github.com/ajiteshreddy24/EventPulse-AI/BackEnd/internal/queries/event_queries.go:341.2,344.34 1 0
github.com/ajiteshreddy24/EventPulse-AI/BackEnd/internal/queries/event_queries.go:344.34,346.3 1 0
github.com/ajiteshreddy24/EventPulse-AI/BackEnd/internal/queries/event_queries.go:348.2,348.36 1 0
github.com/ajiteshreddy24/EventPulse-AI/BackEnd/internal/queries/event_queries.go:348.36,350.3 1 0
github.com/ajiteshreddy24/EventPulse-AI/BackEnd/internal/queries/event_queries.go:352.2,352.21 1 0
github.com/ajiteshreddy24/EventPulse-AI/BackEnd/internal/queries/event_queries.go:355.103,369.16 3 1
github.com/ajiteshreddy24/EventPulse-AI/BackEnd/internal/queries/event_queries.go:369.16,371.3 1 0
github.com/ajiteshreddy24/EventPulse-AI/BackEnd/internal/queries/event_queries.go:373.2,381.16 1 1
github.com/ajiteshreddy24/EventPulse-AI/BackEnd/internal/queries/event_queries.go:381.16,383.3 1 0
github.com/ajiteshreddy24/EventPulse-AI/BackEnd/internal/queries/event_queries.go:385.2,385.21 1 1
github.com/ajiteshreddy24/EventPulse-AI/BackEnd/internal/queries/event_queries.go:388.87,404.16 2 1
github.com/ajiteshreddy24/EventPulse-AI/BackEnd/internal/queries/event_queries.go:404.16,406.3 1 0
github.com/ajiteshreddy24/EventPulse-AI/BackEnd/internal/queries/event_queries.go:407.2,410.18 3 1
github.com/ajiteshreddy24/EventPulse-AI/BackEnd/internal/queries/event_queries.go:410.18,421.17 2 1
github.com/ajiteshreddy24/EventPulse-AI/BackEnd/internal/queries/event_queries.go:421.17,423.4 1 0
github.com/ajiteshreddy24/EventPulse-AI/BackEnd/internal/queries/event_queries.go:424.3,424.39 1 1
github.com/ajiteshreddy24/EventPulse-AI/BackEnd/internal/queries/event_queries.go:427.2,427.29 1 1
github.com/ajiteshreddy24/EventPulse-AI/BackEnd/internal/queries/event_queries.go:430.62,432.16 2 1
github.com/ajiteshreddy24/EventPulse-AI/BackEnd/internal/queries/event_queries.go:432.16,434.3 1 1
github.com/ajiteshreddy24/EventPulse-AI/BackEnd/internal/queries/event_queries.go:436.2,437.16 2 0
github.com/ajiteshreddy24/EventPulse-AI/BackEnd/internal/queries/event_queries.go:437.16,439.3 1 0
github.com/ajiteshreddy24/EventPulse-AI/BackEnd/internal/queries/event_queries.go:440.2,440.23 1 0
github.com/ajiteshreddy24/EventPulse-AI/BackEnd/internal/queries/event_queries.go:440.23,442.3 1 0
github.com/ajiteshreddy24/EventPulse-AI/BackEnd/internal/queries/event_queries.go:444.2,444.12 1 0
github.com/ajiteshreddy24/EventPulse-AI/BackEnd/internal/queries/event_queries.go:447.85,463.16 2 1
github.com/ajiteshreddy24/EventPulse-AI/BackEnd/internal/queries/event_queries.go:463.16,465.3 1 0
github.com/ajiteshreddy24/EventPulse-AI/BackEnd/internal/queries/event_queries.go:466.2,469.18 3 1
github.com/ajiteshreddy24/EventPulse-AI/BackEnd/internal/queries/event_queries.go:469.18,480.17 2 1
github.com/ajiteshreddy24/EventPulse-AI/BackEnd/internal/queries/event_queries.go:480.17,482.4 1 0
github.com/ajiteshreddy24/EventPulse-AI/BackEnd/internal/queries/event_queries.go:483.3,483.33 1 1
github.com/ajiteshreddy24/EventPulse-AI/BackEnd/internal/queries/event_queries.go:486.2,486.27 1 1
github.com/ajiteshreddy24/EventPulse-AI/BackEnd/internal/queries/event_queries.go:489.38,490.19 1 1
github.com/ajiteshreddy24/EventPulse-AI/BackEnd/internal/queries/event_queries.go:490.19,492.3 1 1
github.com/ajiteshreddy24/EventPulse-AI/BackEnd/internal/queries/event_queries.go:493.2,493.16 1 1
github.com/ajiteshreddy24/EventPulse-AI/BackEnd/internal/queries/event_queries.go:496.86,504.16 3 0
github.com/ajiteshreddy24/EventPulse-AI/BackEnd/internal/queries/event_queries.go:504.16,506.3 1 0
github.com/ajiteshreddy24/EventPulse-AI/BackEnd/internal/queries/event_queries.go:508.2,508.18 1 0
github.com/ajiteshreddy24/EventPulse-AI/BackEnd/internal/queries/event_queries.go:511.59,513.2 1 0
github.com/ajiteshreddy24/EventPulse-AI/BackEnd/internal/auth/queries/user_repository.go:18.58,30.76 2 1
github.com/ajiteshreddy24/EventPulse-AI/BackEnd/internal/auth/queries/user_repository.go:30.76,32.3 1 0
github.com/ajiteshreddy24/EventPulse-AI/BackEnd/internal/auth/queries/user_repository.go:34.2,34.12 1 1
github.com/ajiteshreddy24/EventPulse-AI/BackEnd/internal/auth/queries/user_repository.go:37.73,54.35 4 1
github.com/ajiteshreddy24/EventPulse-AI/BackEnd/internal/auth/queries/user_repository.go:54.35,56.3 1 0
github.com/ajiteshreddy24/EventPulse-AI/BackEnd/internal/auth/queries/user_repository.go:57.2,57.16 1 1
github.com/ajiteshreddy24/EventPulse-AI/BackEnd/internal/auth/queries/user_repository.go:57.16,59.3 1 0
github.com/ajiteshreddy24/EventPulse-AI/BackEnd/internal/auth/queries/user_repository.go:61.2,62.19 2 1
github.com/ajiteshreddy24/EventPulse-AI/BackEnd/internal/auth/queries/user_repository.go:65.64,82.35 4 1
github.com/ajiteshreddy24/EventPulse-AI/BackEnd/internal/auth/queries/user_repository.go:82.35,84.3 1 0
github.com/ajiteshreddy24/EventPulse-AI/BackEnd/internal/auth/queries/user_repository.go:85.2,85.16 1 1
github.com/ajiteshreddy24/EventPulse-AI/BackEnd/internal/auth/queries/user_repository.go:85.16,87.3 1 0
github.com/ajiteshreddy24/EventPulse-AI/BackEnd/internal/auth/queries/user_repository.go:89.2,90.19 2 1
github.com/ajiteshreddy24/EventPulse-AI/BackEnd/internal/auth/queries/user_repository.go:93.80,99.16 2 1
github.com/ajiteshreddy24/EventPulse-AI/BackEnd/internal/auth/queries/user_repository.go:99.16,101.3 1 0
github.com/ajiteshreddy24/EventPulse-AI/BackEnd/internal/auth/queries/user_repository.go:103.2,104.16 2 1
github.com/ajiteshreddy24/EventPulse-AI/BackEnd/internal/auth/queries/user_repository.go:104.16,106.3 1 0
github.com/ajiteshreddy24/EventPulse-AI/BackEnd/internal/auth/queries/user_repository.go:107.2,107.23 1 1
github.com/ajiteshreddy24/EventPulse-AI/BackEnd/internal/auth/queries/user_repository.go:107.23,109.3 1 0
github.com/ajiteshreddy24/EventPulse-AI/BackEnd/internal/auth/queries/user_repository.go:111.2,111.12 1 1
github.com/ajiteshreddy24/EventPulse-AI/BackEnd/internal/auth/queries/user_repository.go:114.42,115.34 1 1
github.com/ajiteshreddy24/EventPulse-AI/BackEnd/internal/auth/queries/user_repository.go:115.34,117.3 1 1
github.com/ajiteshreddy24/EventPulse-AI/BackEnd/internal/auth/queries/user_repository.go:119.2,121.29 3 1
github.com/ajiteshreddy24/EventPulse-AI/BackEnd/internal/auth/queries/user_repository.go:121.29,123.18 2 1
github.com/ajiteshreddy24/EventPulse-AI/BackEnd/internal/auth/queries/user_repository.go:123.18,125.4 1 1
github.com/ajiteshreddy24/EventPulse-AI/BackEnd/internal/auth/queries/user_repository.go:128.2,128.18 1 1
github.com/ajiteshreddy24/EventPulse-AI/BackEnd/internal/auth/queries/user_repository.go:131.52,132.25 1 1
github.com/ajiteshreddy24/EventPulse-AI/BackEnd/internal/auth/queries/user_repository.go:132.25,134.3 1 1
github.com/ajiteshreddy24/EventPulse-AI/BackEnd/internal/auth/queries/user_repository.go:136.2,136.37 1 1
github.com/ajiteshreddy24/EventPulse-AI/BackEnd/internal/auth/service/auth_service.go:24.98,28.61 3 1
github.com/ajiteshreddy24/EventPulse-AI/BackEnd/internal/auth/service/auth_service.go:28.61,30.3 1 1
github.com/ajiteshreddy24/EventPulse-AI/BackEnd/internal/auth/service/auth_service.go:32.2,33.16 2 1
github.com/ajiteshreddy24/EventPulse-AI/BackEnd/internal/auth/service/auth_service.go:33.16,35.3 1 0
github.com/ajiteshreddy24/EventPulse-AI/BackEnd/internal/auth/service/auth_service.go:37.2,44.44 2 1
github.com/ajiteshreddy24/EventPulse-AI/BackEnd/internal/auth/service/auth_service.go:44.44,46.3 1 0
github.com/ajiteshreddy24/EventPulse-AI/BackEnd/internal/auth/service/auth_service.go:48.2,49.16 2 1
github.com/ajiteshreddy24/EventPulse-AI/BackEnd/internal/auth/service/auth_service.go:49.16,51.3 1 0
github.com/ajiteshreddy24/EventPulse-AI/BackEnd/internal/auth/service/auth_service.go:53.2,53.79 1 1
github.com/ajiteshreddy24/EventPulse-AI/BackEnd/internal/auth/service/auth_service.go:56.92,59.43 2 1
github.com/ajiteshreddy24/EventPulse-AI/BackEnd/internal/auth/service/auth_service.go:59.43,61.3 1 0
github.com/ajiteshreddy24/EventPulse-AI/BackEnd/internal/auth/service/auth_service.go:63.2,64.16 2 1
github.com/ajiteshreddy24/EventPulse-AI/BackEnd/internal/auth/service/auth_service.go:64.16,65.50 1 0
github.com/ajiteshreddy24/EventPulse-AI/BackEnd/internal/auth/service/auth_service.go:65.50,67.4 1 0
github.com/ajiteshreddy24/EventPulse-AI/BackEnd/internal/auth/service/auth_service.go:68.3,68.18 1 0
github.com/ajiteshreddy24/EventPulse-AI/BackEnd/internal/auth/service/auth_service.go:71.2,71.103 1 1
github.com/ajiteshreddy24/EventPulse-AI/BackEnd/internal/auth/service/auth_service.go:71.103,73.3 1 0
github.com/ajiteshreddy24/EventPulse-AI/BackEnd/internal/auth/service/auth_service.go:75.2,76.16 2 1
github.com/ajiteshreddy24/EventPulse-AI/BackEnd/internal/auth/service/auth_service.go:76.16,78.3 1 0
github.com/ajiteshreddy24/EventPulse-AI/BackEnd/internal/auth/service/auth_service.go:80.2,80.79 1 1
github.com/ajiteshreddy24/EventPulse-AI/BackEnd/internal/auth/service/auth_service.go:83.69,85.16 2 0
github.com/ajiteshreddy24/EventPulse-AI/BackEnd/internal/auth/service/auth_service.go:85.16,87.3 1 0
github.com/ajiteshreddy24/EventPulse-AI/BackEnd/internal/auth/service/auth_service.go:89.2,90.24 2 0
github.com/ajiteshreddy24/EventPulse-AI/BackEnd/internal/auth/service/auth_service.go:93.97,95.67 2 1
github.com/ajiteshreddy24/EventPulse-AI/BackEnd/internal/auth/service/auth_service.go:95.67,97.3 1 0
github.com/ajiteshreddy24/EventPulse-AI/BackEnd/internal/auth/service/auth_service.go:99.2,100.16 2 1
github.com/ajiteshreddy24/EventPulse-AI/BackEnd/internal/auth/service/auth_service.go:100.16,102.3 1 0
github.com/ajiteshreddy24/EventPulse-AI/BackEnd/internal/auth/service/auth_service.go:104.2,105.24 2 1
github.com/ajiteshreddy24/EventPulse-AI/BackEnd/internal/auth/service/auth_service.go:108.77,109.83 1 0
github.com/ajiteshreddy24/EventPulse-AI/BackEnd/internal/auth/service/auth_service.go:109.83,111.3 1 0
github.com/ajiteshreddy24/EventPulse-AI/BackEnd/internal/auth/service/auth_service.go:112.2,112.16 1 0
github.com/ajiteshreddy24/EventPulse-AI/BackEnd/internal/auth/service/auth_service.go:112.16,114.3 1 0
github.com/ajiteshreddy24/EventPulse-AI/BackEnd/internal/auth/service/auth_service.go:116.2,117.25 2 0
github.com/ajiteshreddy24/EventPulse-AI/BackEnd/internal/auth/service/auth_service.go:117.25,119.3 1 0
github.com/ajiteshreddy24/EventPulse-AI/BackEnd/internal/auth/service/auth_service.go:121.2,121.20 1 0
github.com/ajiteshreddy24/EventPulse-AI/BackEnd/internal/auth/service/auth_service.go:124.62,133.2 3 1
github.com/ajiteshreddy24/EventPulse-AI/BackEnd/internal/auth/service/auth_service.go:135.25,137.18 2 1
github.com/ajiteshreddy24/EventPulse-AI/BackEnd/internal/auth/service/auth_service.go:137.18,139.3 1 1
github.com/ajiteshreddy24/EventPulse-AI/BackEnd/internal/auth/service/auth_service.go:140.2,140.15 1 0
github.com/ajiteshreddy24/EventPulse-AI/BackEnd/internal/auth/service/auth_service.go:143.57,146.2 2 1
github.com/ajiteshreddy24/EventPulse-AI/BackEnd/internal/auth/service/auth_service.go:148.54,152.37 3 1
github.com/ajiteshreddy24/EventPulse-AI/BackEnd/internal/auth/service/auth_service.go:152.37,154.18 2 1
github.com/ajiteshreddy24/EventPulse-AI/BackEnd/internal/auth/service/auth_service.go:154.18,155.12 1 1
github.com/ajiteshreddy24/EventPulse-AI/BackEnd/internal/auth/service/auth_service.go:157.3,157.39 1 1
github.com/ajiteshreddy24/EventPulse-AI/BackEnd/internal/auth/service/auth_service.go:157.39,158.12 1 1
github.com/ajiteshreddy24/EventPulse-AI/BackEnd/internal/auth/service/auth_service.go:160.3,161.41 2 1
github.com/ajiteshreddy24/EventPulse-AI/BackEnd/internal/auth/service/auth_service.go:164.2,164.19 1 1
github.com/ajiteshreddy24/EventPulse-AI/BackEnd/internal/auth/queries/user_repository.go:18.58,30.76 2 0
github.com/ajiteshreddy24/EventPulse-AI/BackEnd/internal/auth/queries/user_repository.go:30.76,32.3 1 0
github.com/ajiteshreddy24/EventPulse-AI/BackEnd/internal/auth/queries/user_repository.go:34.2,34.12 1 0
github.com/ajiteshreddy24/EventPulse-AI/BackEnd/internal/auth/queries/user_repository.go:37.73,54.35 4 0
github.com/ajiteshreddy24/EventPulse-AI/BackEnd/internal/auth/queries/user_repository.go:54.35,56.3 1 0
github.com/ajiteshreddy24/EventPulse-AI/BackEnd/internal/auth/queries/user_repository.go:57.2,57.16 1 0
github.com/ajiteshreddy24/EventPulse-AI/BackEnd/internal/auth/queries/user_repository.go:57.16,59.3 1 0
github.com/ajiteshreddy24/EventPulse-AI/BackEnd/internal/auth/queries/user_repository.go:61.2,62.19 2 0
github.com/ajiteshreddy24/EventPulse-AI/BackEnd/internal/auth/queries/user_repository.go:65.64,82.35 4 1
github.com/ajiteshreddy24/EventPulse-AI/BackEnd/internal/auth/queries/user_repository.go:82.35,84.3 1 0
github.com/ajiteshreddy24/EventPulse-AI/BackEnd/internal/auth/queries/user_repository.go:85.2,85.16 1 1
github.com/ajiteshreddy24/EventPulse-AI/BackEnd/internal/auth/queries/user_repository.go:85.16,87.3 1 0
github.com/ajiteshreddy24/EventPulse-AI/BackEnd/internal/auth/queries/user_repository.go:89.2,90.19 2 1
github.com/ajiteshreddy24/EventPulse-AI/BackEnd/internal/auth/queries/user_repository.go:93.80,99.16 2 0
github.com/ajiteshreddy24/EventPulse-AI/BackEnd/internal/auth/queries/user_repository.go:99.16,101.3 1 0
github.com/ajiteshreddy24/EventPulse-AI/BackEnd/internal/auth/queries/user_repository.go:103.2,104.16 2 0
github.com/ajiteshreddy24/EventPulse-AI/BackEnd/internal/auth/queries/user_repository.go:104.16,106.3 1 0
github.com/ajiteshreddy24/EventPulse-AI/BackEnd/internal/auth/queries/user_repository.go:107.2,107.23 1 0
github.com/ajiteshreddy24/EventPulse-AI/BackEnd/internal/auth/queries/user_repository.go:107.23,109.3 1 0
github.com/ajiteshreddy24/EventPulse-AI/BackEnd/internal/auth/queries/user_repository.go:111.2,111.12 1 0
github.com/ajiteshreddy24/EventPulse-AI/BackEnd/internal/auth/queries/user_repository.go:114.42,115.34 1 1
github.com/ajiteshreddy24/EventPulse-AI/BackEnd/internal/auth/queries/user_repository.go:115.34,117.3 1 1
github.com/ajiteshreddy24/EventPulse-AI/BackEnd/internal/auth/queries/user_repository.go:119.2,121.29 3 1
github.com/ajiteshreddy24/EventPulse-AI/BackEnd/internal/auth/queries/user_repository.go:121.29,123.18 2 1
github.com/ajiteshreddy24/EventPulse-AI/BackEnd/internal/auth/queries/user_repository.go:123.18,125.4 1 1
github.com/ajiteshreddy24/EventPulse-AI/BackEnd/internal/auth/queries/user_repository.go:128.2,128.18 1 1
github.com/ajiteshreddy24/EventPulse-AI/BackEnd/internal/auth/queries/user_repository.go:131.52,132.25 1 0
github.com/ajiteshreddy24/EventPulse-AI/BackEnd/internal/auth/queries/user_repository.go:132.25,134.3 1 0
github.com/ajiteshreddy24/EventPulse-AI/BackEnd/internal/auth/queries/user_repository.go:136.2,136.37 1 0
github.com/ajiteshreddy24/EventPulse-AI/BackEnd/internal/queries/event_queries.go:22.57,23.21 1 1
github.com/ajiteshreddy24/EventPulse-AI/BackEnd/internal/queries/event_queries.go:23.21,25.3 1 1
github.com/ajiteshreddy24/EventPulse-AI/BackEnd/internal/queries/event_queries.go:27.2,37.29 1 1
github.com/ajiteshreddy24/EventPulse-AI/BackEnd/internal/queries/event_queries.go:40.71,69.16 2 1
github.com/ajiteshreddy24/EventPulse-AI/BackEnd/internal/queries/event_queries.go:69.16,71.3 1 0
github.com/ajiteshreddy24/EventPulse-AI/BackEnd/internal/queries/event_queries.go:72.2,76.18 3 1
github.com/ajiteshreddy24/EventPulse-AI/BackEnd/internal/queries/event_queries.go:76.18,90.17 2 1
github.com/ajiteshreddy24/EventPulse-AI/BackEnd/internal/queries/event_queries.go:90.17,92.4 1 0
github.com/ajiteshreddy24/EventPulse-AI/BackEnd/internal/queries/event_queries.go:93.3,93.29 1 1
github.com/ajiteshreddy24/EventPulse-AI/BackEnd/internal/queries/event_queries.go:96.2,96.35 1 1
github.com/ajiteshreddy24/EventPulse-AI/BackEnd/internal/queries/event_queries.go:96.35,98.3 1 0
github.com/ajiteshreddy24/EventPulse-AI/BackEnd/internal/queries/event_queries.go:100.2,100.20 1 1
github.com/ajiteshreddy24/EventPulse-AI/BackEnd/internal/queries/event_queries.go:103.84,147.35 3 1
github.com/ajiteshreddy24/EventPulse-AI/BackEnd/internal/queries/event_queries.go:147.35,149.3 1 0
github.com/ajiteshreddy24/EventPulse-AI/BackEnd/internal/queries/event_queries.go:150.2,150.16 1 1
github.com/ajiteshreddy24/EventPulse-AI/BackEnd/internal/queries/event_queries.go:150.16,152.3 1 0
github.com/ajiteshreddy24/EventPulse-AI/BackEnd/internal/queries/event_queries.go:154.2,154.16 1 1
github.com/ajiteshreddy24/EventPulse-AI/BackEnd/internal/queries/event_queries.go:157.57,158.21 1 0
github.com/ajiteshreddy24/EventPulse-AI/BackEnd/internal/queries/event_queries.go:158.21,160.3 1 0
github.com/ajiteshreddy24/EventPulse-AI/BackEnd/internal/queries/event_queries.go:162.2,179.16 2 0
github.com/ajiteshreddy24/EventPulse-AI/BackEnd/internal/queries/event_queries.go:179.16,181.3 1 0
github.com/ajiteshreddy24/EventPulse-AI/BackEnd/internal/queries/event_queries.go:183.2,184.16 2 0
github.com/ajiteshreddy24/EventPulse-AI/BackEnd/internal/queries/event_queries.go:184.16,186.3 1 0
github.com/ajiteshreddy24/EventPulse-AI/BackEnd/internal/queries/event_queries.go:187.2,187.23 1 0
github.com/ajiteshreddy24/EventPulse-AI/BackEnd/internal/queries/event_queries.go:187.23,189.3 1 0
github.com/ajiteshreddy24/EventPulse-AI/BackEnd/internal/queries/event_queries.go:191.2,191.12 1 0
github.com/ajiteshreddy24/EventPulse-AI/BackEnd/internal/queries/event_queries.go:194.48,196.16 2 0
github.com/ajiteshreddy24/EventPulse-AI/BackEnd/internal/queries/event_queries.go:196.16,198.3 1 0
github.com/ajiteshreddy24/EventPulse-AI/BackEnd/internal/queries/event_queries.go:200.2,201.16 2 0
github.com/ajiteshreddy24/EventPulse-AI/BackEnd/internal/queries/event_queries.go:201.16,203.3 1 0
github.com/ajiteshreddy24/EventPulse-AI/BackEnd/internal/queries/event_queries.go:204.2,204.23 1 0
github.com/ajiteshreddy24/EventPulse-AI/BackEnd/internal/queries/event_queries.go:204.23,206.3 1 0
github.com/ajiteshreddy24/EventPulse-AI/BackEnd/internal/queries/event_queries.go:208.2,208.12 1 0
github.com/ajiteshreddy24/EventPulse-AI/BackEnd/internal/queries/event_queries.go:211.62,216.16 2 0
github.com/ajiteshreddy24/EventPulse-AI/BackEnd/internal/queries/event_queries.go:216.16,218.86 2 0
github.com/ajiteshreddy24/EventPulse-AI/BackEnd/internal/queries/event_queries.go:218.86,220.4 1 0
github.com/ajiteshreddy24/EventPulse-AI/BackEnd/internal/queries/event_queries.go:221.3,221.48 1 0
github.com/ajiteshreddy24/EventPulse-AI/BackEnd/internal/queries/event_queries.go:221.48,223.4 1 0
github.com/ajiteshreddy24/EventPulse-AI/BackEnd/internal/queries/event_queries.go:225.2,225.12 1 0
github.com/ajiteshreddy24/EventPulse-AI/BackEnd/internal/queries/event_queries.go:228.65,233.16 2 0
github.com/ajiteshreddy24/EventPulse-AI/BackEnd/internal/queries/event_queries.go:233.16,235.3 1 0
github.com/ajiteshreddy24/EventPulse-AI/BackEnd/internal/queries/event_queries.go:237.2,238.16 2 0
github.com/ajiteshreddy24/EventPulse-AI/BackEnd/internal/queries/event_queries.go:238.16,240.3 1 0
github.com/ajiteshreddy24/EventPulse-AI/BackEnd/internal/queries/event_queries.go:241.2,241.23 1 0
github.com/ajiteshreddy24/EventPulse-AI/BackEnd/internal/queries/event_queries.go:241.23,243.3 1 0
github.com/ajiteshreddy24/EventPulse-AI/BackEnd/internal/queries/event_queries.go:245.2,245.12 1 0
github.com/ajiteshreddy24/EventPulse-AI/BackEnd/internal/queries/event_queries.go:248.68,253.16 2 1
github.com/ajiteshreddy24/EventPulse-AI/BackEnd/internal/queries/event_queries.go:253.16,255.86 2 0
github.com/ajiteshreddy24/EventPulse-AI/BackEnd/internal/queries/event_queries.go:255.86,257.4 1 0
github.com/ajiteshreddy24/EventPulse-AI/BackEnd/internal/queries/event_queries.go:258.3,258.48 1 0
github.com/ajiteshreddy24/EventPulse-AI/BackEnd/internal/queries/event_queries.go:258.48,260.4 1 0
github.com/ajiteshreddy24/EventPulse-AI/BackEnd/internal/queries/event_queries.go:262.2,262.12 1 1
github.com/ajiteshreddy24/EventPulse-AI/BackEnd/internal/queries/event_queries.go:265.73,271.2 2 0
github.com/ajiteshreddy24/EventPulse-AI/BackEnd/internal/queries/event_queries.go:273.72,275.16 2 0
github.com/ajiteshreddy24/EventPulse-AI/BackEnd/internal/queries/event_queries.go:275.16,277.3 1 0
github.com/ajiteshreddy24/EventPulse-AI/BackEnd/internal/queries/event_queries.go:278.2,288.35 4 0
github.com/ajiteshreddy24/EventPulse-AI/BackEnd/internal/queries/event_queries.go:288.35,290.3 1 0
github.com/ajiteshreddy24/EventPulse-AI/BackEnd/internal/queries/event_queries.go:291.2,291.16 1 0
github.com/ajiteshreddy24/EventPulse-AI/BackEnd/internal/queries/event_queries.go:291.16,293.3 1 0
github.com/ajiteshreddy24/EventPulse-AI/BackEnd/internal/queries/event_queries.go:295.2,298.34 1 0
github.com/ajiteshreddy24/EventPulse-AI/BackEnd/internal/queries/event_queries.go:298.34,300.3 1 0
github.com/ajiteshreddy24/EventPulse-AI/BackEnd/internal/queries/event_queries.go:302.2,305.34 1 0
github.com/ajiteshreddy24/EventPulse-AI/BackEnd/internal/queries/event_queries.go:305.34,307.3 1 0
github.com/ajiteshreddy24/EventPulse-AI/BackEnd/internal/queries/event_queries.go:309.2,309.20 1 0
github.com/ajiteshreddy24/EventPulse-AI/BackEnd/internal/queries/event_queries.go:312.90,314.16 2 0
github.com/ajiteshreddy24/EventPulse-AI/BackEnd/internal/queries/event_queries.go:314.16,316.3 1 0
github.com/ajiteshreddy24/EventPulse-AI/BackEnd/internal/queries/event_queries.go:317.2,327.35 4 0
github.com/ajiteshreddy24/EventPulse-AI/BackEnd/internal/queries/event_queries.go:327.35,329.3 1 0
github.com/ajiteshreddy24/EventPulse-AI/BackEnd/internal/queries/event_queries.go:330.2,330.16 1 0
github.com/ajiteshreddy24/EventPulse-AI/BackEnd/internal/queries/event_queries.go:330.16,332.3 1 0
github.com/ajiteshreddy24/EventPulse-AI/BackEnd/internal/queries/event_queries.go:334.2,337.34 1 0
github.com/ajiteshreddy24/EventPulse-AI/BackEnd/internal/queries/event_queries.go:337.34,339.3 1 0
github.com/ajiteshreddy24/EventPulse-AI/BackEnd/internal/queries/event_queries.go:341.2,344.34 1 0
github.com/ajiteshreddy24/EventPulse-AI/BackEnd/internal/queries/event_queries.go:344.34,346.3 1 0
github.com/ajiteshreddy24/EventPulse-AI/BackEnd/internal/queries/event_queries.go:348.2,348.36 1 0
github.com/ajiteshreddy24/EventPulse-AI/BackEnd/internal/queries/event_queries.go:348.36,350.3 1 0
github.com/ajiteshreddy24/EventPulse-AI/BackEnd/internal/queries/event_queries.go:352.2,352.21 1 0
github.com/ajiteshreddy24/EventPulse-AI/BackEnd/internal/queries/event_queries.go:355.103,369.16 3 1
github.com/ajiteshreddy24/EventPulse-AI/BackEnd/internal/queries/event_queries.go:369.16,371.3 1 0
github.com/ajiteshreddy24/EventPulse-AI/BackEnd/internal/queries/event_queries.go:373.2,381.16 1 1
github.com/ajiteshreddy24/EventPulse-AI/BackEnd/internal/queries/event_queries.go:381.16,383.3 1 0
github.com/ajiteshreddy24/EventPulse-AI/BackEnd/internal/queries/event_queries.go:385.2,385.21 1 1
github.com/ajiteshreddy24/EventPulse-AI/BackEnd/internal/queries/event_queries.go:388.87,404.16 2 0
github.com/ajiteshreddy24/EventPulse-AI/BackEnd/internal/queries/event_queries.go:404.16,406.3 1 0
github.com/ajiteshreddy24/EventPulse-AI/BackEnd/internal/queries/event_queries.go:407.2,410.18 3 0
github.com/ajiteshreddy24/EventPulse-AI/BackEnd/internal/queries/event_queries.go:410.18,421.17 2 0
github.com/ajiteshreddy24/EventPulse-AI/BackEnd/internal/queries/event_queries.go:421.17,423.4 1 0
github.com/ajiteshreddy24/EventPulse-AI/BackEnd/internal/queries/event_queries.go:424.3,424.39 1 0
github.com/ajiteshreddy24/EventPulse-AI/BackEnd/internal/queries/event_queries.go:427.2,427.29 1 0
github.com/ajiteshreddy24/EventPulse-AI/BackEnd/internal/queries/event_queries.go:430.62,432.16 2 0
github.com/ajiteshreddy24/EventPulse-AI/BackEnd/internal/queries/event_queries.go:432.16,434.3 1 0
github.com/ajiteshreddy24/EventPulse-AI/BackEnd/internal/queries/event_queries.go:436.2,437.16 2 0
github.com/ajiteshreddy24/EventPulse-AI/BackEnd/internal/queries/event_queries.go:437.16,439.3 1 0
github.com/ajiteshreddy24/EventPulse-AI/BackEnd/internal/queries/event_queries.go:440.2,440.23 1 0
github.com/ajiteshreddy24/EventPulse-AI/BackEnd/internal/queries/event_queries.go:440.23,442.3 1 0
github.com/ajiteshreddy24/EventPulse-AI/BackEnd/internal/queries/event_queries.go:444.2,444.12 1 0
github.com/ajiteshreddy24/EventPulse-AI/BackEnd/internal/queries/event_queries.go:447.85,463.16 2 1
github.com/ajiteshreddy24/EventPulse-AI/BackEnd/internal/queries/event_queries.go:463.16,465.3 1 0
github.com/ajiteshreddy24/EventPulse-AI/BackEnd/internal/queries/event_queries.go:466.2,469.18 3 1
github.com/ajiteshreddy24/EventPulse-AI/BackEnd/internal/queries/event_queries.go:469.18,480.17 2 1
github.com/ajiteshreddy24/EventPulse-AI/BackEnd/internal/queries/event_queries.go:480.17,482.4 1 0
github.com/ajiteshreddy24/EventPulse-AI/BackEnd/internal/queries/event_queries.go:483.3,483.33 1 1
github.com/ajiteshreddy24/EventPulse-AI/BackEnd/internal/queries/event_queries.go:486.2,486.27 1 1
github.com/ajiteshreddy24/EventPulse-AI/BackEnd/internal/queries/event_queries.go:489.38,490.19 1 1
github.com/ajiteshreddy24/EventPulse-AI/BackEnd/internal/queries/event_queries.go:490.19,492.3 1 1
github.com/ajiteshreddy24/EventPulse-AI/BackEnd/internal/queries/event_queries.go:493.2,493.16 1 1
github.com/ajiteshreddy24/EventPulse-AI/BackEnd/internal/queries/event_queries.go:496.86,504.16 3 0
github.com/ajiteshreddy24/EventPulse-AI/BackEnd/internal/queries/event_queries.go:504.16,506.3 1 0
github.com/ajiteshreddy24/EventPulse-AI/BackEnd/internal/queries/event_queries.go:508.2,508.18 1 0
github.com/ajiteshreddy24/EventPulse-AI/BackEnd/internal/queries/event_queries.go:511.59,513.2 1 0
github.com/ajiteshreddy24/EventPulse-AI/BackEnd/internal/service/event_service.go:24.59,26.2 1 1
github.com/ajiteshreddy24/EventPulse-AI/BackEnd/internal/service/event_service.go:28.71,30.2 1 0
github.com/ajiteshreddy24/EventPulse-AI/BackEnd/internal/service/event_service.go:32.81,34.2 1 0
github.com/ajiteshreddy24/EventPulse-AI/BackEnd/internal/service/event_service.go:36.59,38.2 1 0
github.com/ajiteshreddy24/EventPulse-AI/BackEnd/internal/service/event_service.go:40.50,42.2 1 0
github.com/ajiteshreddy24/EventPulse-AI/BackEnd/internal/service/event_service.go:44.56,46.16 2 0
github.com/ajiteshreddy24/EventPulse-AI/BackEnd/internal/service/event_service.go:46.16,48.3 1 0
github.com/ajiteshreddy24/EventPulse-AI/BackEnd/internal/service/event_service.go:49.2,49.23 1 0
github.com/ajiteshreddy24/EventPulse-AI/BackEnd/internal/service/event_service.go:49.23,51.3 1 0
github.com/ajiteshreddy24/EventPulse-AI/BackEnd/internal/service/event_service.go:52.2,52.61 1 0
github.com/ajiteshreddy24/EventPulse-AI/BackEnd/internal/service/event_service.go:52.61,54.3 1 0
github.com/ajiteshreddy24/EventPulse-AI/BackEnd/internal/service/event_service.go:56.2,57.16 2 0
github.com/ajiteshreddy24/EventPulse-AI/BackEnd/internal/service/event_service.go:57.16,59.3 1 0
github.com/ajiteshreddy24/EventPulse-AI/BackEnd/internal/service/event_service.go:61.2,63.12 3 0
github.com/ajiteshreddy24/EventPulse-AI/BackEnd/internal/service/event_service.go:66.64,68.16 2 1
github.com/ajiteshreddy24/EventPulse-AI/BackEnd/internal/service/event_service.go:68.16,70.3 1 0
github.com/ajiteshreddy24/EventPulse-AI/BackEnd/internal/service/event_service.go:71.2,71.23 1 1
github.com/ajiteshreddy24/EventPulse-AI/BackEnd/internal/service/event_service.go:71.23,73.3 1 0
github.com/ajiteshreddy24/EventPulse-AI/BackEnd/internal/service/event_service.go:74.2,74.26 1 1
github.com/ajiteshreddy24/EventPulse-AI/BackEnd/internal/service/event_service.go:74.26,76.3 1 0
github.com/ajiteshreddy24/EventPulse-AI/BackEnd/internal/service/event_service.go:77.2,77.61 1 1
github.com/ajiteshreddy24/EventPulse-AI/BackEnd/internal/service/event_service.go:77.61,79.3 1 1
github.com/ajiteshreddy24/EventPulse-AI/BackEnd/internal/service/event_service.go:81.2,81.46 1 1
github.com/ajiteshreddy24/EventPulse-AI/BackEnd/internal/service/event_service.go:84.62,86.16 2 0
github.com/ajiteshreddy24/EventPulse-AI/BackEnd/internal/service/event_service.go:86.16,88.3 1 0
github.com/ajiteshreddy24/EventPulse-AI/BackEnd/internal/service/event_service.go:90.2,91.16 2 0
github.com/ajiteshreddy24/EventPulse-AI/BackEnd/internal/service/event_service.go:91.16,93.3 1 0
github.com/ajiteshreddy24/EventPulse-AI/BackEnd/internal/service/event_service.go:95.2,98.16 3 0
github.com/ajiteshreddy24/EventPulse-AI/BackEnd/internal/service/event_service.go:98.16,100.3 1 0
github.com/ajiteshreddy24/EventPulse-AI/BackEnd/internal/service/event_service.go:102.2,102.27 1 0
github.com/ajiteshreddy24/EventPulse-AI/BackEnd/internal/service/event_service.go:102.27,104.3 1 0
github.com/ajiteshreddy24/EventPulse-AI/BackEnd/internal/service/event_service.go:106.2,106.12 1 0
github.com/ajiteshreddy24/EventPulse-AI/BackEnd/internal/service/event_service.go:109.100,111.19 2 1
github.com/ajiteshreddy24/EventPulse-AI/BackEnd/internal/service/event_service.go:111.19,113.3 1 1
github.com/ajiteshreddy24/EventPulse-AI/BackEnd/internal/service/event_service.go:115.2,115.61 1 1
github.com/ajiteshreddy24/EventPulse-AI/BackEnd/internal/service/event_service.go:115.61,117.3 1 0
github.com/ajiteshreddy24/EventPulse-AI/BackEnd/internal/service/event_service.go:119.2,119.55 1 1
github.com/ajiteshreddy24/EventPulse-AI/BackEnd/internal/service/event_service.go:122.75,124.2 1 0
github.com/ajiteshreddy24/EventPulse-AI/BackEnd/internal/service/event_service.go:126.59,128.2 1 0
github.com/ajiteshreddy24/EventPulse-AI/BackEnd/internal/service/event_service.go:130.79,131.23 1 1
github.com/ajiteshreddy24/EventPulse-AI/BackEnd/internal/service/event_service.go:131.23,133.3 1 0
github.com/ajiteshreddy24/EventPulse-AI/BackEnd/internal/service/event_service.go:135.2,136.16 2 1
github.com/ajiteshreddy24/EventPulse-AI/BackEnd/internal/service/event_service.go:136.16,138.3 1 0
github.com/ajiteshreddy24/EventPulse-AI/BackEnd/internal/service/event_service.go:140.2,140.30 1 1
github.com/ajiteshreddy24/EventPulse-AI/BackEnd/internal/service/event_service.go:140.30,142.3 1 1
github.com/ajiteshreddy24/EventPulse-AI/BackEnd/internal/service/event_service.go:144.2,145.16 2 1
github.com/ajiteshreddy24/EventPulse-AI/BackEnd/internal/service/event_service.go:145.16,147.3 1 0
github.com/ajiteshreddy24/EventPulse-AI/BackEnd/internal/service/event_service.go:149.2,151.31 3 1
github.com/ajiteshreddy24/EventPulse-AI/BackEnd/internal/service/event_service.go:151.31,152.24 1 1
github.com/ajiteshreddy24/EventPulse-AI/BackEnd/internal/service/event_service.go:152.24,153.12 1 1
github.com/ajiteshreddy24/EventPulse-AI/BackEnd/internal/service/event_service.go:156.3,157.24 2 1
github.com/ajiteshreddy24/EventPulse-AI/BackEnd/internal/service/event_service.go:157.24,158.12 1 1
github.com/ajiteshreddy24/EventPulse-AI/BackEnd/internal/service/event_service.go:161.3,164.33 3 1
github.com/ajiteshreddy24/EventPulse-AI/BackEnd/internal/service/event_service.go:164.33,166.22 2 1
github.com/ajiteshreddy24/EventPulse-AI/BackEnd/internal/service/event_service.go:166.22,168.5 1 1
github.com/ajiteshreddy24/EventPulse-AI/BackEnd/internal/service/event_service.go:171.3,171.62 1 1
github.com/ajiteshreddy24/EventPulse-AI/BackEnd/internal/service/event_service.go:171.62,173.4 1 1
github.com/ajiteshreddy24/EventPulse-AI/BackEnd/internal/service/event_service.go:175.3,178.41 3 1
github.com/ajiteshreddy24/EventPulse-AI/BackEnd/internal/service/event_service.go:181.2,181.45 1 1
github.com/ajiteshreddy24/EventPulse-AI/BackEnd/internal/service/event_service.go:181.45,182.77 1 1
github.com/ajiteshreddy24/EventPulse-AI/BackEnd/internal/service/event_service.go:182.77,184.4 1 0
github.com/ajiteshreddy24/EventPulse-AI/BackEnd/internal/service/event_service.go:185.3,185.79 1 1
github.com/ajiteshreddy24/EventPulse-AI/BackEnd/internal/service/event_service.go:188.2,188.25 1 1
github.com/ajiteshreddy24/EventPulse-AI/BackEnd/internal/service/event_service.go:188.25,190.3 1 0
github.com/ajiteshreddy24/EventPulse-AI/BackEnd/internal/service/event_service.go:192.2,192.24 1 1
github.com/ajiteshreddy24/EventPulse-AI/BackEnd/internal/service/event_service.go:195.76,197.2 1 1
github.com/ajiteshreddy24/EventPulse-AI/BackEnd/internal/service/event_service.go:199.56,202.31 3 1
github.com/ajiteshreddy24/EventPulse-AI/BackEnd/internal/service/event_service.go:202.31,203.64 1 1
github.com/ajiteshreddy24/EventPulse-AI/BackEnd/internal/service/event_service.go:203.64,205.25 2 1
github.com/ajiteshreddy24/EventPulse-AI/BackEnd/internal/service/event_service.go:205.25,207.5 1 1
github.com/ajiteshreddy24/EventPulse-AI/BackEnd/internal/service/event_service.go:211.2,211.15 1 1
github.com/ajiteshreddy24/EventPulse-AI/BackEnd/internal/service/event_service.go:214.72,217.31 3 1
github.com/ajiteshreddy24/EventPulse-AI/BackEnd/internal/service/event_service.go:217.31,219.3 1 1
github.com/ajiteshreddy24/EventPulse-AI/BackEnd/internal/service/event_service.go:221.2,222.37 2 1
github.com/ajiteshreddy24/EventPulse-AI/BackEnd/internal/service/event_service.go:222.37,223.47 1 1
github.com/ajiteshreddy24/EventPulse-AI/BackEnd/internal/service/event_service.go:223.47,225.4 1 1
github.com/ajiteshreddy24/EventPulse-AI/BackEnd/internal/service/event_service.go:228.2,228.16 1 1
github.com/ajiteshreddy24/EventPulse-AI/BackEnd/internal/service/event_service.go:231.79,232.53 1 1
github.com/ajiteshreddy24/EventPulse-AI/BackEnd/internal/service/event_service.go:232.53,233.45 1 1
github.com/ajiteshreddy24/EventPulse-AI/BackEnd/internal/service/event_service.go:233.45,235.4 1 1
github.com/ajiteshreddy24/EventPulse-AI/BackEnd/internal/service/event_service.go:238.2,238.14 1 1
github.com/ajiteshreddy24/EventPulse-AI/BackEnd/internal/service/event_service.go:241.49,255.41 2 1
github.com/ajiteshreddy24/EventPulse-AI/BackEnd/internal/service/event_service.go:255.41,257.3 1 1
github.com/ajiteshreddy24/EventPulse-AI/BackEnd/internal/service/event_service.go:259.2,259.27 1 1
github.com/ajiteshreddy24/EventPulse-AI/BackEnd/internal/service/event_service.go:262.90,264.16 2 0
github.com/ajiteshreddy24/EventPulse-AI/BackEnd/internal/service/event_service.go:264.16,266.3 1 0
github.com/ajiteshreddy24/EventPulse-AI/BackEnd/internal/service/event_service.go:268.2,269.16 2 0
github.com/ajiteshreddy24/EventPulse-AI/BackEnd/internal/service/event_service.go:269.16,271.3 1 0
github.com/ajiteshreddy24/EventPulse-AI/BackEnd/internal/service/event_service.go:273.2,282.42 2 0
github.com/ajiteshreddy24/EventPulse-AI/BackEnd/internal/service/event_service.go:285.82,287.16 2 0
github.com/ajiteshreddy24/EventPulse-AI/BackEnd/internal/service/event_service.go:287.16,289.3 1 0
github.com/ajiteshreddy24/EventPulse-AI/BackEnd/internal/service/event_service.go:291.2,299.56 2 0
github.com/ajiteshreddy24/EventPulse-AI/BackEnd/internal/service/event_service.go:302.55,309.93 6 0
github.com/ajiteshreddy24/EventPulse-AI/BackEnd/internal/service/event_service.go:309.93,311.3 1 0
github.com/ajiteshreddy24/EventPulse-AI/BackEnd/internal/service/event_service.go:313.2,321.85 3 0
